Archive member included to satisfy reference by file (symbol)

c:/st/stm32cubeide_1.4.0/stm32cubeide/plugins/com.st.stm32cube.ide.mcu.externaltools.gnu-tools-for-stm32.9-2020-q2-update.win32_1.5.0.202011040924/tools/bin/../lib/gcc/arm-none-eabi/9.3.1/../../../../arm-none-eabi/lib/thumb/v7e-m+fp/hard\libc_nano.a(lib_a-errno.o)
                              Core/Src/syscalls.o (__errno)
c:/st/stm32cubeide_1.4.0/stm32cubeide/plugins/com.st.stm32cube.ide.mcu.externaltools.gnu-tools-for-stm32.9-2020-q2-update.win32_1.5.0.202011040924/tools/bin/../lib/gcc/arm-none-eabi/9.3.1/../../../../arm-none-eabi/lib/thumb/v7e-m+fp/hard\libc_nano.a(lib_a-exit.o)
                              c:/st/stm32cubeide_1.4.0/stm32cubeide/plugins/com.st.stm32cube.ide.mcu.externaltools.gnu-tools-for-stm32.9-2020-q2-update.win32_1.5.0.202011040924/tools/bin/../lib/gcc/arm-none-eabi/9.3.1/../../../../arm-none-eabi/lib/thumb/v7e-m+fp/hard/crt0.o (exit)
c:/st/stm32cubeide_1.4.0/stm32cubeide/plugins/com.st.stm32cube.ide.mcu.externaltools.gnu-tools-for-stm32.9-2020-q2-update.win32_1.5.0.202011040924/tools/bin/../lib/gcc/arm-none-eabi/9.3.1/../../../../arm-none-eabi/lib/thumb/v7e-m+fp/hard\libc_nano.a(lib_a-impure.o)
                              c:/st/stm32cubeide_1.4.0/stm32cubeide/plugins/com.st.stm32cube.ide.mcu.externaltools.gnu-tools-for-stm32.9-2020-q2-update.win32_1.5.0.202011040924/tools/bin/../lib/gcc/arm-none-eabi/9.3.1/../../../../arm-none-eabi/lib/thumb/v7e-m+fp/hard\libc_nano.a(lib_a-exit.o) (_global_impure_ptr)
c:/st/stm32cubeide_1.4.0/stm32cubeide/plugins/com.st.stm32cube.ide.mcu.externaltools.gnu-tools-for-stm32.9-2020-q2-update.win32_1.5.0.202011040924/tools/bin/../lib/gcc/arm-none-eabi/9.3.1/../../../../arm-none-eabi/lib/thumb/v7e-m+fp/hard\libc_nano.a(lib_a-init.o)
                              c:/st/stm32cubeide_1.4.0/stm32cubeide/plugins/com.st.stm32cube.ide.mcu.externaltools.gnu-tools-for-stm32.9-2020-q2-update.win32_1.5.0.202011040924/tools/bin/../lib/gcc/arm-none-eabi/9.3.1/../../../../arm-none-eabi/lib/thumb/v7e-m+fp/hard/crt0.o (__libc_init_array)
c:/st/stm32cubeide_1.4.0/stm32cubeide/plugins/com.st.stm32cube.ide.mcu.externaltools.gnu-tools-for-stm32.9-2020-q2-update.win32_1.5.0.202011040924/tools/bin/../lib/gcc/arm-none-eabi/9.3.1/../../../../arm-none-eabi/lib/thumb/v7e-m+fp/hard\libc_nano.a(lib_a-malloc.o)
                              Middlewares/ST/STM32_USB_Host_Library/Class/MSC/Src/usbh_msc.o (malloc)
c:/st/stm32cubeide_1.4.0/stm32cubeide/plugins/com.st.stm32cube.ide.mcu.externaltools.gnu-tools-for-stm32.9-2020-q2-update.win32_1.5.0.202011040924/tools/bin/../lib/gcc/arm-none-eabi/9.3.1/../../../../arm-none-eabi/lib/thumb/v7e-m+fp/hard\libc_nano.a(lib_a-memcpy-stub.o)
                              Middlewares/ST/STM32_USB_Host_Library/Class/MSC/Src/usbh_msc.o (memcpy)
c:/st/stm32cubeide_1.4.0/stm32cubeide/plugins/com.st.stm32cube.ide.mcu.externaltools.gnu-tools-for-stm32.9-2020-q2-update.win32_1.5.0.202011040924/tools/bin/../lib/gcc/arm-none-eabi/9.3.1/../../../../arm-none-eabi/lib/thumb/v7e-m+fp/hard\libc_nano.a(lib_a-memset.o)
                              c:/st/stm32cubeide_1.4.0/stm32cubeide/plugins/com.st.stm32cube.ide.mcu.externaltools.gnu-tools-for-stm32.9-2020-q2-update.win32_1.5.0.202011040924/tools/bin/../lib/gcc/arm-none-eabi/9.3.1/../../../../arm-none-eabi/lib/thumb/v7e-m+fp/hard/crt0.o (memset)
c:/st/stm32cubeide_1.4.0/stm32cubeide/plugins/com.st.stm32cube.ide.mcu.externaltools.gnu-tools-for-stm32.9-2020-q2-update.win32_1.5.0.202011040924/tools/bin/../lib/gcc/arm-none-eabi/9.3.1/../../../../arm-none-eabi/lib/thumb/v7e-m+fp/hard\libc_nano.a(lib_a-nano-freer.o)
                              c:/st/stm32cubeide_1.4.0/stm32cubeide/plugins/com.st.stm32cube.ide.mcu.externaltools.gnu-tools-for-stm32.9-2020-q2-update.win32_1.5.0.202011040924/tools/bin/../lib/gcc/arm-none-eabi/9.3.1/../../../../arm-none-eabi/lib/thumb/v7e-m+fp/hard\libc_nano.a(lib_a-malloc.o) (_free_r)
c:/st/stm32cubeide_1.4.0/stm32cubeide/plugins/com.st.stm32cube.ide.mcu.externaltools.gnu-tools-for-stm32.9-2020-q2-update.win32_1.5.0.202011040924/tools/bin/../lib/gcc/arm-none-eabi/9.3.1/../../../../arm-none-eabi/lib/thumb/v7e-m+fp/hard\libc_nano.a(lib_a-nano-mallocr.o)
                              c:/st/stm32cubeide_1.4.0/stm32cubeide/plugins/com.st.stm32cube.ide.mcu.externaltools.gnu-tools-for-stm32.9-2020-q2-update.win32_1.5.0.202011040924/tools/bin/../lib/gcc/arm-none-eabi/9.3.1/../../../../arm-none-eabi/lib/thumb/v7e-m+fp/hard\libc_nano.a(lib_a-malloc.o) (_malloc_r)
c:/st/stm32cubeide_1.4.0/stm32cubeide/plugins/com.st.stm32cube.ide.mcu.externaltools.gnu-tools-for-stm32.9-2020-q2-update.win32_1.5.0.202011040924/tools/bin/../lib/gcc/arm-none-eabi/9.3.1/../../../../arm-none-eabi/lib/thumb/v7e-m+fp/hard\libc_nano.a(lib_a-sbrkr.o)
[...]
Memory Configuration

Name             Origin             Length             Attributes
RAM              0x0000000020000000 0x0000000000020000 xrw
FLASH            0x0000000008000000 0x0000000000080000 xr
*default*        0x0000000000000000 0xffffffffffffffff

Linker script and memory map

LOAD c:/st/stm32cubeide_1.4.0/stm32cubeide/plugins/com.st.stm32cube.ide.mcu.externaltools.gnu-tools-for-stm32.9-2020-q2-update.win32_1.5.0.202011040924/tools/bin/../lib/gcc/arm-none-eabi/9.3.1/thumb/v7e-m+fp/hard/crti.o
LOAD c:/st/stm32cubeide_1.4.0/stm32cubeide/plugins/com.st.stm32cube.ide.mcu.externaltools.gnu-tools-for-stm32.9-2020-q2-update.win32_1.5.0.202011040924/tools/bin/../lib/gcc/arm-none-eabi/9.3.1/thumb/v7e-m+fp/hard/crtbegin.o
LOAD c:/st/stm32cubeide_1.4.0/stm32cubeide/plugins/com.st.stm32cube.ide.mcu.externaltools.gnu-tools-for-stm32.9-2020-q2-update.win32_1.5.0.202011040924/tools/bin/../lib/gcc/arm-none-eabi/9.3.1/../../../../arm-none-eabi/lib/thumb/v7e-m+fp/hard/crt0.o
LOAD Core/Src/Dualshock3_driver.o
LOAD Core/Src/freertos.o
LOAD Core/Src/main.o
LOAD Core/Src/stm32f4xx_hal_msp.o
LOAD Core/Src/stm32f4xx_hal_timebase_tim.o
LOAD Core/Src/stm32f4xx_it.o
LOAD Core/Src/syscalls.o
LOAD Core/Src/sysmem.o
LOAD Core/Src/system_stm32f4xx.o
LOAD Core/Src/USBH_HID_generic/usbh_hid.o
LOAD Core/Src/USBH_HID_generic/usbh_hid_generic.o
LOAD Core/Src/USBH_HID_generic/usbh_hid_keybd.o
LOAD Core/Src/USBH_HID_generic/usbh_hid_mouse.o
LOAD Core/Src/USBH_HID_generic/usbh_hid_parser.o
LOAD Core/Startup/startup_stm32f446retx.o
LOAD Drivers/STM32F4xx_HAL_Driver/Src/stm32f4xx_hal.o
LOAD Drivers/STM32F4xx_HAL_Driver/Src/stm32f4xx_hal_cortex.o
LOAD Drivers/STM32F4xx_HAL_Driver/Src/stm32f4xx_hal_dma.o
LOAD Drivers/STM32F4xx_HAL_Driver/Src/stm32f4xx_hal_dma_ex.o
LOAD Drivers/STM32F4xx_HAL_Driver/Src/stm32f4xx_hal_exti.o
LOAD Drivers/STM32F4xx_HAL_Driver/Src/stm32f4xx_hal_flash.o
LOAD Drivers/STM32F4xx_HAL_Driver/Src/stm32f4xx_hal_flash_ex.o
LOAD Drivers/STM32F4xx_HAL_Driver/Src/stm32f4xx_hal_flash_ramfunc.o
LOAD Drivers/STM32F4xx_HAL_Driver/Src/stm32f4xx_hal_gpio.o
LOAD Drivers/STM32F4xx_HAL_Driver/Src/stm32f4xx_hal_hcd.o
LOAD Drivers/STM32F4xx_HAL_Driver/Src/stm32f4xx_hal_pwr.o
LOAD Drivers/STM32F4xx_HAL_Driver/Src/stm32f4xx_hal_pwr_ex.o
LOAD Drivers/STM32F4xx_HAL_Driver/Src/stm32f4xx_hal_rcc.o
LOAD Drivers/STM32F4xx_HAL_Driver/Src/stm32f4xx_hal_rcc_ex.o
LOAD Drivers/STM32F4xx_HAL_Driver/Src/stm32f4xx_hal_tim.o
LOAD Drivers/STM32F4xx_HAL_Driver/Src/stm32f4xx_hal_tim_ex.o
LOAD Drivers/STM32F4xx_HAL_Driver/Src/stm32f4xx_hal_uart.o
LOAD Drivers/STM32F4xx_HAL_Driver/Src/stm32f4xx_ll_usb.o
LOAD Middlewares/ST/STM32_USB_Host_Library/Class/MSC/Src/usbh_msc.o
LOAD Middlewares/ST/STM32_USB_Host_Library/Class/MSC/Src/usbh_msc_bot.o
LOAD Middlewares/ST/STM32_USB_Host_Library/Class/MSC/Src/usbh_msc_scsi.o
LOAD Middlewares/ST/STM32_USB_Host_Library/Core/Src/usbh_core.o
LOAD Middlewares/ST/STM32_USB_Host_Library/Core/Src/usbh_ctlreq.o
LOAD Middlewares/ST/STM32_USB_Host_Library/Core/Src/usbh_ioreq.o
LOAD Middlewares/ST/STM32_USB_Host_Library/Core/Src/usbh_pipes.o
LOAD Middlewares/Third_Party/FreeRTOS/Source/CMSIS_RTOS_V2/cmsis_os2.o
LOAD Middlewares/Third_Party/FreeRTOS/Source/croutine.o
LOAD Middlewares/Third_Party/FreeRTOS/Source/event_groups.o
LOAD Middlewares/Third_Party/FreeRTOS/Source/list.o
LOAD Middlewares/Third_Party/FreeRTOS/Source/queue.o
LOAD Middlewares/Third_Party/FreeRTOS/Source/stream_buffer.o
LOAD Middlewares/Third_Party/FreeRTOS/Source/tasks.o
LOAD Middlewares/Third_Party/FreeRTOS/Source/timers.o
LOAD Middlewares/Third_Party/FreeRTOS/Source/portable/GCC/ARM_CM4F/port.o
LOAD Middlewares/Third_Party/FreeRTOS/Source/portable/MemMang/heap_4.o
LOAD USB_HOST/App/usb_host.o
LOAD USB_HOST/Target/usbh_conf.o
LOAD USB_HOST/Target/usbh_platform.o
START GROUP
LOAD c:/st/stm32cubeide_1.4.0/stm32cubeide/plugins/com.st.stm32cube.ide.mcu.externaltools.gnu-tools-for-stm32.9-2020-q2-update.win32_1.5.0.202011040924/tools/bin/../lib/gcc/arm-none-eabi/9.3.1/../../../../arm-none-eabi/lib/thumb/v7e-m+fp/hard\libc_nano.a
LOAD c:/st/stm32cubeide_1.4.0/stm32cubeide/plugins/com.st.stm32cube.ide.mcu.externaltools.gnu-tools-for-stm32.9-2020-q2-update.win32_1.5.0.202011040924/tools/bin/../lib/gcc/arm-none-eabi/9.3.1/../../../../arm-none-eabi/lib/thumb/v7e-m+fp/hard\libm.a
END GROUP
START GROUP
LOAD c:/st/stm32cubeide_1.4.0/stm32cubeide/plugins/com.st.stm32cube.ide.mcu.externaltools.gnu-tools-for-stm32.9-2020-q2-update.win32_1.5.0.202011040924/tools/bin/../lib/gcc/arm-none-eabi/9.3.1/thumb/v7e-m+fp/hard\libgcc.a
LOAD c:/st/stm32cubeide_1.4.0/stm32cubeide/plugins/com.st.stm32cube.ide.mcu.externaltools.gnu-tools-for-stm32.9-2020-q2-update.win32_1.5.0.202011040924/tools/bin/../lib/gcc/arm-none-eabi/9.3.1/../../../../arm-none-eabi/lib/thumb/v7e-m+fp/hard\libc_nano.a
END GROUP
START GROUP
LOAD c:/st/stm32cubeide_1.4.0/stm32cubeide/plugins/com.st.stm32cube.ide.mcu.externaltools.gnu-tools-for-stm32.9-2020-q2-update.win32_1.5.0.202011040924/tools/bin/../lib/gcc/arm-none-eabi/9.3.1/thumb/v7e-m+fp/hard\libgcc.a
LOAD c:/st/stm32cubeide_1.4.0/stm32cubeide/plugins/com.st.stm32cube.ide.mcu.externaltools.gnu-tools-for-stm32.9-2020-q2-update.win32_1.5.0.202011040924/tools/bin/../lib/gcc/arm-none-eabi/9.3.1/../../../../arm-none-eabi/lib/thumb/v7e-m+fp/hard\libc_nano.a
LOAD c:/st/stm32cubeide_1.4.0/stm32cubeide/plugins/com.st.stm32cube.ide.mcu.externaltools.gnu-tools-for-stm32.9-2020-q2-update.win32_1.5.0.202011040924/tools/bin/../lib/gcc/arm-none-eabi/9.3.1/../../../../arm-none-eabi/lib/thumb/v7e-m+fp/hard\libnosys.a
END GROUP
START GROUP
LOAD c:/st/stm32cubeide_1.4.0/stm32cubeide/plugins/com.st.stm32cube.ide.mcu.externaltools.gnu-tools-for-stm32.9-2020-q2-update.win32_1.5.0.202011040924/tools/bin/../lib/gcc/arm-none-eabi/9.3.1/thumb/v7e-m+fp/hard\libgcc.a
LOAD c:/st/stm32cubeide_1.4.0/stm32cubeide/plugins/com.st.stm32cube.ide.mcu.externaltools.gnu-tools-for-stm32.9-2020-q2-update.win32_1.5.0.202011040924/tools/bin/../lib/gcc/arm-none-eabi/9.3.1/../../../../arm-none-eabi/lib/thumb/v7e-m+fp/hard\libc_nano.a
LOAD c:/st/stm32cubeide_1.4.0/stm32cubeide/plugins/com.st.stm32cube.ide.mcu.externaltools.gnu-tools-for-stm32.9-2020-q2-update.win32_1.5.0.202011040924/tools/bin/../lib/gcc/arm-none-eabi/9.3.1/../../../../arm-none-eabi/lib/thumb/v7e-m+fp/hard\libnosys.a
END GROUP
LOAD c:/st/stm32cubeide_1.4.0/stm32cubeide/plugins/com.st.stm32cube.ide.mcu.externaltools.gnu-tools-for-stm32.9-2020-q2-update.win32_1.5.0.202011040924/tools/bin/../lib/gcc/arm-none-eabi/9.3.1/thumb/v7e-m+fp/hard/crtend.o
LOAD c:/st/stm32cubeide_1.4.0/stm32cubeide/plugins/com.st.stm32cube.ide.mcu.externaltools.gnu-tools-for-stm32.9-2020-q2-update.win32_1.5.0.202011040924/tools/bin/../lib/gcc/arm-none-eabi/9.3.1/thumb/v7e-m+fp/hard/crtn.o
                0x0000000020020000                _estack = (ORIGIN (RAM) + LENGTH (RAM))
                0x0000000000000200                _Min_Heap_Size = 0x200
                0x0000000000000400                _Min_Stack_Size = 0x400

.isr_vector     0x0000000008000000      0x1c4
                0x0000000008000000                . = ALIGN (0x4)
 *(.isr_vector)
 .isr_vector    0x0000000008000000      0x1c4 Core/Startup/startup_stm32f446retx.o
                0x0000000008000000                g_pfnVectors
                0x00000000080001c4                . = ALIGN (0x4)

.text           0x00000000080001d0     0xcfac
                0x00000000080001d0                . = ALIGN (0x4)
 *(.text)
 .text          0x00000000080001d0       0x40 c:/st/stm32cubeide_1.4.0/stm32cubeide/plugins/com.st.stm32cube.ide.mcu.externaltools.gnu-tools-for-stm32.9-2020-q2-update.win32_1.5.0.202011040924/tools/bin/../lib/gcc/arm-none-eabi/9.3.1/thumb/v7e-m+fp/hard/crtbegin.o
 .text          0x0000000008000210       0x10 c:/st/stm32cubeide_1.4.0/stm32cubeide/plugins/com.st.stm32cube.ide.mcu.externaltools.gnu-tools-for-stm32.9-2020-q2-update.win32_1.5.0.202011040924/tools/bin/../lib/gcc/arm-none-eabi/9.3.1/../../../../arm-none-eabi/lib/thumb/v7e-m+fp/hard\libc_nano.a(lib_a-strlen.o)
                0x0000000008000210                strlen
 .text          0x0000000008000220       0xa0 c:/st/stm32cubeide_1.4.0/stm32cubeide/plugins/com.st.stm32cube.ide.mcu.externaltools.gnu-tools-for-stm32.9-2020-q2-update.win32_1.5.0.202011040924/tools/bin/../lib/gcc/arm-none-eabi/9.3.1/../../../../arm-none-eabi/lib/thumb/v7e-m+fp/hard\libc_nano.a(lib_a-memchr.o)
                0x0000000008000220                memchr
 .text          0x00000000080002c0       0x30 c:/st/stm32cubeide_1.4.0/stm32cubeide/plugins/com.st.stm32cube.ide.mcu.externaltools.gnu-tools-for-stm32.9-2020-q2-update.win32_1.5.0.202011040924/tools/bin/../lib/gcc/arm-none-eabi/9.3.1/thumb/v7e-m+fp/hard\libgcc.a(_aeabi_uldivmod.o)
                0x00000000080002c0                __aeabi_uldivmod
 .text          0x00000000080002f0      0x2c4 c:/st/stm32cubeide_1.4.0/stm32cubeide/plugins/com.st.stm32cube.ide.mcu.externaltools.gnu-tools-for-stm32.9-2020-q2-update.win32_1.5.0.202011040924/tools/bin/../lib/gcc/arm-none-eabi/9.3.1/thumb/v7e-m+fp/hard\libgcc.a(_udivmoddi4.o)
                0x00000000080002f0                __udivmoddi4
 .text          0x00000000080005b4        0x4 c:/st/stm32cubeide_1.4.0/stm32cubeide/plugins/com.st.stm32cube.ide.mcu.externaltools.gnu-tools-for-stm32.9-2020-q2-update.win32_1.5.0.202011040924/tools/bin/../lib/gcc/arm-none-eabi/9.3.1/thumb/v7e-m+fp/hard\libgcc.a(_dvmd_tls.o)
                0x00000000080005b4                __aeabi_idiv0
                0x00000000080005b4                __aeabi_ldiv0
 *(.text*)
 .text.Dualshock3Init
                0x00000000080005b8      0x1bc Core/Src/Dualshock3_driver.o
 .text.decodeRawData
                0x0000000008000774       0x34 Core/Src/Dualshock3_driver.o
                0x0000000008000774                decodeRawData
 .text.USBH_HID_EventCallback
                0x00000000080007a8       0x24 Core/Src/Dualshock3_driver.o
                0x00000000080007a8                USBH_HID_EventCallback
 .text.Dualshock3_newReport_CB
                0x00000000080007cc       0x3c Core/Src/main.o
                0x00000000080007cc                Dualshock3_newReport_CB
 .text.Dualshock3_connected_CB
                0x0000000008000808       0x18 Core/Src/main.o
                0x0000000008000808                Dualshock3_connected_CB
 .text.main     0x0000000008000820      0x188 Core/Src/main.o
                0x0000000008000820                main
 .text.SystemClock_Config
                0x00000000080009a8       0xd4 Core/Src/main.o
                0x00000000080009a8                SystemClock_Config
 .text.MX_USART2_UART_Init
                0x0000000008000a7c       0x54 Core/Src/main.o
 .text.MX_USART3_UART_Init
                0x0000000008000ad0       0x54 Core/Src/main.o
 .text.MX_GPIO_Init
                0x0000000008000b24       0xcc Core/Src/main.o
 .text.StartDefaultTask
                0x0000000008000bf0       0x14 Core/Src/main.o
                0x0000000008000bf0                StartDefaultTask
 .text.usbhTaskFunction
                0x0000000008000c04       0x30 Core/Src/main.o
                0x0000000008000c04                usbhTaskFunction
 .text.idleThread
                0x0000000008000c34       0x7c Core/Src/main.o
                0x0000000008000c34                idleThread
 .text.translatorThread
                0x0000000008000cb0      0x31c Core/Src/main.o
                0x0000000008000cb0                translatorThread
 .text.stateMachineThread
                0x0000000008000fcc       0xc0 Core/Src/main.o
                0x0000000008000fcc                stateMachineThread
 .text.HAL_TIM_PeriodElapsedCallback
                0x000000000800108c       0x24 Core/Src/main.o
                0x000000000800108c                HAL_TIM_PeriodElapsedCallback
 .text.Error_Handler
                0x00000000080010b0        0xe Core/Src/main.o
                0x00000000080010b0                Error_Handler
 *fill*         0x00000000080010be        0x2 
 .text.HAL_MspInit
                0x00000000080010c0       0x58 Core/Src/stm32f4xx_hal_msp.o
                0x00000000080010c0                HAL_MspInit
 .text.HAL_UART_MspInit
                0x0000000008001118      0x13c Core/Src/stm32f4xx_hal_msp.o
                0x0000000008001118                HAL_UART_MspInit
 .text.HAL_InitTick
                0x0000000008001254       0xb4 Core/Src/stm32f4xx_hal_timebase_tim.o
                0x0000000008001254                HAL_InitTick
 .text.NMI_Handler
                0x0000000008001308        0x6 Core/Src/stm32f4xx_it.o
                0x0000000008001308                NMI_Handler
 .text.HardFault_Handler
                0x000000000800130e        0x6 Core/Src/stm32f4xx_it.o
                0x000000000800130e                HardFault_Handler
 .text.MemManage_Handler
                0x0000000008001314        0x6 Core/Src/stm32f4xx_it.o
                0x0000000008001314                MemManage_Handler
 .text.BusFault_Handler
                0x000000000800131a        0x6 Core/Src/stm32f4xx_it.o
                0x000000000800131a                BusFault_Handler
 .text.UsageFault_Handler
                0x0000000008001320        0x6 Core/Src/stm32f4xx_it.o
                0x0000000008001320                UsageFault_Handler
 .text.DebugMon_Handler
                0x0000000008001326        0xe Core/Src/stm32f4xx_it.o
                0x0000000008001326                DebugMon_Handler
 .text.TIM6_DAC_IRQHandler
                0x0000000008001334       0x14 Core/Src/stm32f4xx_it.o
                0x0000000008001334                TIM6_DAC_IRQHandler
 .text.OTG_FS_IRQHandler
                0x0000000008001348       0x14 Core/Src/stm32f4xx_it.o
                0x0000000008001348                OTG_FS_IRQHandler
 .text._sbrk    0x000000000800135c       0x6c Core/Src/sysmem.o
                0x000000000800135c                _sbrk
 .text.SystemInit
                0x00000000080013c8       0x2c Core/Src/system_stm32f4xx.o
                0x00000000080013c8                SystemInit
 .text.USBH_HID_InterfaceInit
                0x00000000080013f4      0x258 Core/Src/USBH_HID_generic/usbh_hid.o
 .text.USBH_HID_InterfaceDeInit
                0x000000000800164c       0x8c Core/Src/USBH_HID_generic/usbh_hid.o
 .text.USBH_HID_ClassRequest
                0x00000000080016d8       0xdc Core/Src/USBH_HID_generic/usbh_hid.o
 .text.USBH_HID_Process
                0x00000000080017b4      0x1f4 Core/Src/USBH_HID_generic/usbh_hid.o
 .text.USBH_HID_SOFProcess
                0x00000000080019a8       0x5a Core/Src/USBH_HID_generic/usbh_hid.o
 .text.USBH_HID_GetHIDReportDescriptor
                0x0000000008001a02       0x32 Core/Src/USBH_HID_generic/usbh_hid.o
                0x0000000008001a02                USBH_HID_GetHIDReportDescriptor
 .text.USBH_HID_SetIdle
                0x0000000008001a34       0x54 Core/Src/USBH_HID_generic/usbh_hid.o
                0x0000000008001a34                USBH_HID_SetIdle
 .text.USBH_HID_SetReport
                0x0000000008001a88       0x58 Core/Src/USBH_HID_generic/usbh_hid.o
                0x0000000008001a88                USBH_HID_SetReport
 .text.USBH_HID_GetReport
                0x0000000008001ae0       0x58 Core/Src/USBH_HID_generic/usbh_hid.o
                0x0000000008001ae0                USBH_HID_GetReport
 .text.USBH_HID_ParseHIDDesc
                0x0000000008001b38       0xbc Core/Src/USBH_HID_generic/usbh_hid.o
 .text.USBH_HID_FifoInit
                0x0000000008001bf4       0x38 Core/Src/USBH_HID_generic/usbh_hid.o
                0x0000000008001bf4                USBH_HID_FifoInit
 .text.USBH_HID_FifoRead
                0x0000000008001c2c       0x92 Core/Src/USBH_HID_generic/usbh_hid.o
                0x0000000008001c2c                USBH_HID_FifoRead
 .text.USBH_HID_FifoWrite
                0x0000000008001cbe       0xa8 Core/Src/USBH_HID_generic/usbh_hid.o
                0x0000000008001cbe                USBH_HID_FifoWrite
 *fill*         0x0000000008001d66        0x2 
 .text.USBH_HID_GenericRegisterDriver
                0x0000000008001d68       0x64 Core/Src/USBH_HID_generic/usbh_hid_generic.o
                0x0000000008001d68                USBH_HID_GenericRegisterDriver
 .text.USBH_HID_GenericInit
                0x0000000008001dcc      0x118 Core/Src/USBH_HID_generic/usbh_hid_generic.o
                0x0000000008001dcc                USBH_HID_GenericInit
 .text.USBH_HID_GetRawReport
                0x0000000008001ee4       0x4c Core/Src/USBH_HID_generic/usbh_hid_generic.o
                0x0000000008001ee4                USBH_HID_GetRawReport
 .text.USBH_HID_KeybdInit
                0x0000000008001f30       0xb0 Core/Src/USBH_HID_generic/usbh_hid_keybd.o
                0x0000000008001f30                USBH_HID_KeybdInit
 .text.USBH_HID_MouseInit
                0x0000000008001fe0       0x94 Core/Src/USBH_HID_generic/usbh_hid_mouse.o
                0x0000000008001fe0                USBH_HID_MouseInit
 .text.Reset_Handler
                0x0000000008002074       0x50 Core/Startup/startup_stm32f446retx.o
                0x0000000008002074                Reset_Handler
 .text.Default_Handler
                0x00000000080020c4        0x2 Core/Startup/startup_stm32f446retx.o
                0x00000000080020c4                RTC_Alarm_IRQHandler
                0x00000000080020c4                EXTI2_IRQHandler
                0x00000000080020c4                TIM8_CC_IRQHandler
                0x00000000080020c4                FMPI2C1_EV_IRQHandler
                0x00000000080020c4                SPI4_IRQHandler
                0x00000000080020c4                TIM1_CC_IRQHandler
                0x00000000080020c4                DMA2_Stream5_IRQHandler
                0x00000000080020c4                DMA1_Stream5_IRQHandler
                0x00000000080020c4                PVD_IRQHandler
                0x00000000080020c4                SDIO_IRQHandler
                0x00000000080020c4                TAMP_STAMP_IRQHandler
                0x00000000080020c4                CAN2_RX1_IRQHandler
                0x00000000080020c4                EXTI3_IRQHandler
                0x00000000080020c4                TIM8_TRG_COM_TIM14_IRQHandler
                0x00000000080020c4                TIM1_UP_TIM10_IRQHandler
                0x00000000080020c4                TIM8_UP_TIM13_IRQHandler
                0x00000000080020c4                I2C3_ER_IRQHandler
                0x00000000080020c4                EXTI0_IRQHandler
                0x00000000080020c4                I2C2_EV_IRQHandler
                0x00000000080020c4                DMA1_Stream2_IRQHandler
                0x00000000080020c4                CAN1_RX0_IRQHandler
                0x00000000080020c4                FPU_IRQHandler
                0x00000000080020c4                OTG_HS_WKUP_IRQHandler
                0x00000000080020c4                CAN2_SCE_IRQHandler
                0x00000000080020c4                DMA2_Stream2_IRQHandler
                0x00000000080020c4                SPI1_IRQHandler
                0x00000000080020c4                TIM1_BRK_TIM9_IRQHandler
                0x00000000080020c4                DCMI_IRQHandler
                0x00000000080020c4                CAN2_RX0_IRQHandler
                0x00000000080020c4                DMA2_Stream3_IRQHandler
                0x00000000080020c4                SAI2_IRQHandler
                0x00000000080020c4                USART6_IRQHandler
                0x00000000080020c4                USART3_IRQHandler
                0x00000000080020c4                CAN1_RX1_IRQHandler
                0x00000000080020c4                UART5_IRQHandler
                0x00000000080020c4                DMA2_Stream0_IRQHandler
                0x00000000080020c4                TIM4_IRQHandler
                0x00000000080020c4                QUADSPI_IRQHandler
                0x00000000080020c4                I2C1_EV_IRQHandler
                0x00000000080020c4                DMA1_Stream6_IRQHandler
                0x00000000080020c4                DMA1_Stream1_IRQHandler
                0x00000000080020c4                UART4_IRQHandler
                0x00000000080020c4                TIM3_IRQHandler
                0x00000000080020c4                RCC_IRQHandler
                0x00000000080020c4                TIM8_BRK_TIM12_IRQHandler
                0x00000000080020c4                Default_Handler
                0x00000000080020c4                CEC_IRQHandler
                0x00000000080020c4                EXTI15_10_IRQHandler
                0x00000000080020c4                ADC_IRQHandler
                0x00000000080020c4                DMA1_Stream7_IRQHandler
                0x00000000080020c4                TIM7_IRQHandler
                0x00000000080020c4                CAN2_TX_IRQHandler
                0x00000000080020c4                TIM5_IRQHandler
                0x00000000080020c4                DMA2_Stream7_IRQHandler
                0x00000000080020c4                I2C3_EV_IRQHandler
                0x00000000080020c4                EXTI9_5_IRQHandler
                0x00000000080020c4                RTC_WKUP_IRQHandler
                0x00000000080020c4                SPDIF_RX_IRQHandler
                0x00000000080020c4                SPI2_IRQHandler
                0x00000000080020c4                OTG_HS_EP1_IN_IRQHandler
                0x00000000080020c4                DMA1_Stream0_IRQHandler
                0x00000000080020c4                CAN1_TX_IRQHandler
                0x00000000080020c4                FMPI2C1_ER_IRQHandler
                0x00000000080020c4                EXTI4_IRQHandler
                0x00000000080020c4                OTG_HS_EP1_OUT_IRQHandler
                0x00000000080020c4                WWDG_IRQHandler
                0x00000000080020c4                TIM2_IRQHandler
                0x00000000080020c4                OTG_FS_WKUP_IRQHandler
                0x00000000080020c4                TIM1_TRG_COM_TIM11_IRQHandler
                0x00000000080020c4                OTG_HS_IRQHandler
                0x00000000080020c4                EXTI1_IRQHandler
                0x00000000080020c4                USART2_IRQHandler
                0x00000000080020c4                I2C2_ER_IRQHandler
                0x00000000080020c4                DMA2_Stream1_IRQHandler
                0x00000000080020c4                CAN1_SCE_IRQHandler
                0x00000000080020c4                FLASH_IRQHandler
                0x00000000080020c4                DMA2_Stream4_IRQHandler
                0x00000000080020c4                USART1_IRQHandler
                0x00000000080020c4                SPI3_IRQHandler
                0x00000000080020c4                DMA1_Stream4_IRQHandler
                0x00000000080020c4                I2C1_ER_IRQHandler
                0x00000000080020c4                FMC_IRQHandler
                0x00000000080020c4                DMA2_Stream6_IRQHandler
                0x00000000080020c4                SAI1_IRQHandler
                0x00000000080020c4                DMA1_Stream3_IRQHandler
 *fill*         0x00000000080020c6        0x2 
 .text.HAL_Init
                0x00000000080020c8       0x44 Drivers/STM32F4xx_HAL_Driver/Src/stm32f4xx_hal.o
                0x00000000080020c8                HAL_Init
 .text.HAL_IncTick
                0x000000000800210c       0x28 Drivers/STM32F4xx_HAL_Driver/Src/stm32f4xx_hal.o
                0x000000000800210c                HAL_IncTick
 .text.HAL_GetTick
                0x0000000008002134       0x18 Drivers/STM32F4xx_HAL_Driver/Src/stm32f4xx_hal.o
                0x0000000008002134                HAL_GetTick
 .text.HAL_Delay
                0x000000000800214c       0x48 Drivers/STM32F4xx_HAL_Driver/Src/stm32f4xx_hal.o
                0x000000000800214c                HAL_Delay
 .text.__NVIC_SetPriorityGrouping
                0x0000000008002194       0x48 Drivers/STM32F4xx_HAL_Driver/Src/stm32f4xx_hal_cortex.o
 .text.__NVIC_GetPriorityGrouping
                0x00000000080021dc       0x1c Drivers/STM32F4xx_HAL_Driver/Src/stm32f4xx_hal_cortex.o
 .text.__NVIC_EnableIRQ
                0x00000000080021f8       0x3c Drivers/STM32F4xx_HAL_Driver/Src/stm32f4xx_hal_cortex.o
 .text.__NVIC_SetPriority
                0x0000000008002234       0x54 Drivers/STM32F4xx_HAL_Driver/Src/stm32f4xx_hal_cortex.o
 .text.NVIC_EncodePriority
                0x0000000008002288       0x66 Drivers/STM32F4xx_HAL_Driver/Src/stm32f4xx_hal_cortex.o
 .text.HAL_NVIC_SetPriorityGrouping
                0x00000000080022ee       0x16 Drivers/STM32F4xx_HAL_Driver/Src/stm32f4xx_hal_cortex.o
                0x00000000080022ee                HAL_NVIC_SetPriorityGrouping
 .text.HAL_NVIC_SetPriority
                0x0000000008002304       0x38 Drivers/STM32F4xx_HAL_Driver/Src/stm32f4xx_hal_cortex.o
                0x0000000008002304                HAL_NVIC_SetPriority
 .text.HAL_NVIC_EnableIRQ
                0x000000000800233c       0x1c Drivers/STM32F4xx_HAL_Driver/Src/stm32f4xx_hal_cortex.o
                0x000000000800233c                HAL_NVIC_EnableIRQ
 .text.HAL_GPIO_Init
                0x0000000008002358      0x328 Drivers/STM32F4xx_HAL_Driver/Src/stm32f4xx_hal_gpio.o
                0x0000000008002358                HAL_GPIO_Init
 .text.HAL_GPIO_WritePin
                0x0000000008002680       0x32 Drivers/STM32F4xx_HAL_Driver/Src/stm32f4xx_hal_gpio.o
                0x0000000008002680                HAL_GPIO_WritePin
 .text.HAL_GPIO_TogglePin
                0x00000000080026b2       0x36 Drivers/STM32F4xx_HAL_Driver/Src/stm32f4xx_hal_gpio.o
                0x00000000080026b2                HAL_GPIO_TogglePin
 .text.HAL_HCD_Init
                0x00000000080026e8       0xc4 Drivers/STM32F4xx_HAL_Driver/Src/stm32f4xx_hal_hcd.o
                0x00000000080026e8                HAL_HCD_Init
 .text.HAL_HCD_HC_Init
                0x00000000080027ac      0x130 Drivers/STM32F4xx_HAL_Driver/Src/stm32f4xx_hal_hcd.o
                0x00000000080027ac                HAL_HCD_HC_Init
 .text.HAL_HCD_HC_Halt
                0x00000000080028dc       0x46 Drivers/STM32F4xx_HAL_Driver/Src/stm32f4xx_hal_hcd.o
                0x00000000080028dc                HAL_HCD_HC_Halt
 *fill*         0x0000000008002922        0x2 
 .text.HAL_HCD_HC_SubmitRequest
                0x0000000008002924      0x2e4 Drivers/STM32F4xx_HAL_Driver/Src/stm32f4xx_hal_hcd.o
                0x0000000008002924                HAL_HCD_HC_SubmitRequest
 .text.HAL_HCD_IRQHandler
                0x0000000008002c08      0x208 Drivers/STM32F4xx_HAL_Driver/Src/stm32f4xx_hal_hcd.o
                0x0000000008002c08                HAL_HCD_IRQHandler
 .text.HAL_HCD_Start
                0x0000000008002e10       0x46 Drivers/STM32F4xx_HAL_Driver/Src/stm32f4xx_hal_hcd.o
                0x0000000008002e10                HAL_HCD_Start
 .text.HAL_HCD_Stop
                0x0000000008002e56       0x3a Drivers/STM32F4xx_HAL_Driver/Src/stm32f4xx_hal_hcd.o
                0x0000000008002e56                HAL_HCD_Stop
 .text.HAL_HCD_ResetPort
                0x0000000008002e90       0x1c Drivers/STM32F4xx_HAL_Driver/Src/stm32f4xx_hal_hcd.o
                0x0000000008002e90                HAL_HCD_ResetPort
 .text.HAL_HCD_HC_GetURBState
                0x0000000008002eac       0x2a Drivers/STM32F4xx_HAL_Driver/Src/stm32f4xx_hal_hcd.o
                0x0000000008002eac                HAL_HCD_HC_GetURBState
 .text.HAL_HCD_HC_GetXferCount
                0x0000000008002ed6       0x2a Drivers/STM32F4xx_HAL_Driver/Src/stm32f4xx_hal_hcd.o
                0x0000000008002ed6                HAL_HCD_HC_GetXferCount
 .text.HAL_HCD_GetCurrentFrame
                0x0000000008002f00       0x1c Drivers/STM32F4xx_HAL_Driver/Src/stm32f4xx_hal_hcd.o
                0x0000000008002f00                HAL_HCD_GetCurrentFrame
 .text.HAL_HCD_GetCurrentSpeed
                0x0000000008002f1c       0x1c Drivers/STM32F4xx_HAL_Driver/Src/stm32f4xx_hal_hcd.o
                0x0000000008002f1c                HAL_HCD_GetCurrentSpeed
 .text.HCD_HC_IN_IRQHandler
                0x0000000008002f38      0x86a Drivers/STM32F4xx_HAL_Driver/Src/stm32f4xx_hal_hcd.o
 .text.HCD_HC_OUT_IRQHandler
                0x00000000080037a2      0x6ea Drivers/STM32F4xx_HAL_Driver/Src/stm32f4xx_hal_hcd.o
 .text.HCD_RXQLVL_IRQHandler
                0x0000000008003e8c      0x15c Drivers/STM32F4xx_HAL_Driver/Src/stm32f4xx_hal_hcd.o
 .text.HCD_Port_IRQHandler
                0x0000000008003fe8       0xe6 Drivers/STM32F4xx_HAL_Driver/Src/stm32f4xx_hal_hcd.o
 *fill*         0x00000000080040ce        0x2 
 .text.HAL_RCC_ClockConfig
                0x00000000080040d0      0x1cc Drivers/STM32F4xx_HAL_Driver/Src/stm32f4xx_hal_rcc.o
                0x00000000080040d0                HAL_RCC_ClockConfig
 .text.HAL_RCC_GetHCLKFreq
                0x000000000800429c       0x18 Drivers/STM32F4xx_HAL_Driver/Src/stm32f4xx_hal_rcc.o
                0x000000000800429c                HAL_RCC_GetHCLKFreq
 .text.HAL_RCC_GetPCLK1Freq
                0x00000000080042b4       0x28 Drivers/STM32F4xx_HAL_Driver/Src/stm32f4xx_hal_rcc.o
                0x00000000080042b4                HAL_RCC_GetPCLK1Freq
 .text.HAL_RCC_GetPCLK2Freq
                0x00000000080042dc       0x28 Drivers/STM32F4xx_HAL_Driver/Src/stm32f4xx_hal_rcc.o
                0x00000000080042dc                HAL_RCC_GetPCLK2Freq
 .text.HAL_RCC_GetClockConfig
                0x0000000008004304       0x64 Drivers/STM32F4xx_HAL_Driver/Src/stm32f4xx_hal_rcc.o
                0x0000000008004304                HAL_RCC_GetClockConfig
 .text.HAL_RCC_GetSysClockFreq
                0x0000000008004368      0x364 Drivers/STM32F4xx_HAL_Driver/Src/stm32f4xx_hal_rcc_ex.o
                0x0000000008004368                HAL_RCC_GetSysClockFreq
 .text.HAL_RCC_OscConfig
                0x00000000080046cc      0x4b4 Drivers/STM32F4xx_HAL_Driver/Src/stm32f4xx_hal_rcc_ex.o
                0x00000000080046cc                HAL_RCC_OscConfig
 .text.HAL_TIM_Base_Init
                0x0000000008004b80       0x56 Drivers/STM32F4xx_HAL_Driver/Src/stm32f4xx_hal_tim.o
                0x0000000008004b80                HAL_TIM_Base_Init
 .text.HAL_TIM_Base_MspInit
                0x0000000008004bd6       0x14 Drivers/STM32F4xx_HAL_Driver/Src/stm32f4xx_hal_tim.o
                0x0000000008004bd6                HAL_TIM_Base_MspInit
 .text.HAL_TIM_Base_Start_IT
                0x0000000008004bea       0x48 Drivers/STM32F4xx_HAL_Driver/Src/stm32f4xx_hal_tim.o
                0x0000000008004bea                HAL_TIM_Base_Start_IT
 .text.HAL_TIM_IRQHandler
                0x0000000008004c32      0x210 Drivers/STM32F4xx_HAL_Driver/Src/stm32f4xx_hal_tim.o
                0x0000000008004c32                HAL_TIM_IRQHandler
 .text.HAL_TIM_OC_DelayElapsedCallback
                0x0000000008004e42       0x14 Drivers/STM32F4xx_HAL_Driver/Src/stm32f4xx_hal_tim.o
                0x0000000008004e42                HAL_TIM_OC_DelayElapsedCallback
 .text.HAL_TIM_IC_CaptureCallback
                0x0000000008004e56       0x14 Drivers/STM32F4xx_HAL_Driver/Src/stm32f4xx_hal_tim.o
                0x0000000008004e56                HAL_TIM_IC_CaptureCallback
 .text.HAL_TIM_PWM_PulseFinishedCallback
                0x0000000008004e6a       0x14 Drivers/STM32F4xx_HAL_Driver/Src/stm32f4xx_hal_tim.o
                0x0000000008004e6a                HAL_TIM_PWM_PulseFinishedCallback
 .text.HAL_TIM_TriggerCallback
                0x0000000008004e7e       0x14 Drivers/STM32F4xx_HAL_Driver/Src/stm32f4xx_hal_tim.o
                0x0000000008004e7e                HAL_TIM_TriggerCallback
 *fill*         0x0000000008004e92        0x2 
 .text.TIM_Base_SetConfig
                0x0000000008004e94      0x140 Drivers/STM32F4xx_HAL_Driver/Src/stm32f4xx_hal_tim.o
                0x0000000008004e94                TIM_Base_SetConfig
 .text.HAL_TIMEx_CommutCallback
                0x0000000008004fd4       0x14 Drivers/STM32F4xx_HAL_Driver/Src/stm32f4xx_hal_tim_ex.o
                0x0000000008004fd4                HAL_TIMEx_CommutCallback
 .text.HAL_TIMEx_BreakCallback
                0x0000000008004fe8       0x14 Drivers/STM32F4xx_HAL_Driver/Src/stm32f4xx_hal_tim_ex.o
                0x0000000008004fe8                HAL_TIMEx_BreakCallback
 .text.HAL_UART_Init
                0x0000000008004ffc       0x9a Drivers/STM32F4xx_HAL_Driver/Src/stm32f4xx_hal_uart.o
                0x0000000008004ffc                HAL_UART_Init
 .text.HAL_UART_Transmit
                0x0000000008005096      0x132 Drivers/STM32F4xx_HAL_Driver/Src/stm32f4xx_hal_uart.o
                0x0000000008005096                HAL_UART_Transmit
 .text.UART_WaitOnFlagUntilTimeout
                0x00000000080051c8       0x94 Drivers/STM32F4xx_HAL_Driver/Src/stm32f4xx_hal_uart.o
 .text.UART_SetConfig
                0x000000000800525c      0x738 Drivers/STM32F4xx_HAL_Driver/Src/stm32f4xx_hal_uart.o
 .text.USB_CoreInit
                0x0000000008005994       0xc2 Drivers/STM32F4xx_HAL_Driver/Src/stm32f4xx_ll_usb.o
                0x0000000008005994                USB_CoreInit
 .text.USB_EnableGlobalInt
                0x0000000008005a56       0x22 Drivers/STM32F4xx_HAL_Driver/Src/stm32f4xx_ll_usb.o
                0x0000000008005a56                USB_EnableGlobalInt
 .text.USB_DisableGlobalInt
                0x0000000008005a78       0x22 Drivers/STM32F4xx_HAL_Driver/Src/stm32f4xx_ll_usb.o
                0x0000000008005a78                USB_DisableGlobalInt
 .text.USB_SetCurrentMode
                0x0000000008005a9a       0x54 Drivers/STM32F4xx_HAL_Driver/Src/stm32f4xx_ll_usb.o
                0x0000000008005a9a                USB_SetCurrentMode
 *fill*         0x0000000008005aee        0x2 
 .text.USB_FlushTxFifo
                0x0000000008005af0       0x4c Drivers/STM32F4xx_HAL_Driver/Src/stm32f4xx_ll_usb.o
                0x0000000008005af0                USB_FlushTxFifo
 .text.USB_FlushRxFifo
                0x0000000008005b3c       0x44 Drivers/STM32F4xx_HAL_Driver/Src/stm32f4xx_ll_usb.o
                0x0000000008005b3c                USB_FlushRxFifo
 .text.USB_WritePacket
                0x0000000008005b80       0x6a Drivers/STM32F4xx_HAL_Driver/Src/stm32f4xx_ll_usb.o
                0x0000000008005b80                USB_WritePacket
 .text.USB_ReadPacket
                0x0000000008005bea       0x52 Drivers/STM32F4xx_HAL_Driver/Src/stm32f4xx_ll_usb.o
                0x0000000008005bea                USB_ReadPacket
 .text.USB_ReadInterrupts
                0x0000000008005c3c       0x26 Drivers/STM32F4xx_HAL_Driver/Src/stm32f4xx_ll_usb.o
                0x0000000008005c3c                USB_ReadInterrupts
 .text.USB_GetMode
                0x0000000008005c62       0x1c Drivers/STM32F4xx_HAL_Driver/Src/stm32f4xx_ll_usb.o
                0x0000000008005c62                USB_GetMode
 *fill*         0x0000000008005c7e        0x2 
 .text.USB_CoreReset
                0x0000000008005c80       0x68 Drivers/STM32F4xx_HAL_Driver/Src/stm32f4xx_ll_usb.o
 .text.USB_HostInit
                0x0000000008005ce8      0x160 Drivers/STM32F4xx_HAL_Driver/Src/stm32f4xx_ll_usb.o
                0x0000000008005ce8                USB_HostInit
 .text.USB_InitFSLSPClkSel
                0x0000000008005e48       0x74 Drivers/STM32F4xx_HAL_Driver/Src/stm32f4xx_ll_usb.o
                0x0000000008005e48                USB_InitFSLSPClkSel
 .text.USB_ResetPort
                0x0000000008005ebc       0x54 Drivers/STM32F4xx_HAL_Driver/Src/stm32f4xx_ll_usb.o
                0x0000000008005ebc                USB_ResetPort
 .text.USB_DriveVbus
                0x0000000008005f10       0x72 Drivers/STM32F4xx_HAL_Driver/Src/stm32f4xx_ll_usb.o
                0x0000000008005f10                USB_DriveVbus
 .text.USB_GetHostSpeed
                0x0000000008005f82       0x2e Drivers/STM32F4xx_HAL_Driver/Src/stm32f4xx_ll_usb.o
                0x0000000008005f82                USB_GetHostSpeed
 .text.USB_GetCurrentFrame
                0x0000000008005fb0       0x22 Drivers/STM32F4xx_HAL_Driver/Src/stm32f4xx_ll_usb.o
                0x0000000008005fb0                USB_GetCurrentFrame
 *fill*         0x0000000008005fd2        0x2 
 .text.USB_HC_Init
                0x0000000008005fd4      0x214 Drivers/STM32F4xx_HAL_Driver/Src/stm32f4xx_ll_usb.o
                0x0000000008005fd4                USB_HC_Init
 .text.USB_HC_StartXfer
                0x00000000080061e8      0x288 Drivers/STM32F4xx_HAL_Driver/Src/stm32f4xx_ll_usb.o
                0x00000000080061e8                USB_HC_StartXfer
 .text.USB_HC_ReadInterrupt
                0x0000000008006470       0x22 Drivers/STM32F4xx_HAL_Driver/Src/stm32f4xx_ll_usb.o
                0x0000000008006470                USB_HC_ReadInterrupt
 .text.USB_HC_Halt
                0x0000000008006492      0x1fe Drivers/STM32F4xx_HAL_Driver/Src/stm32f4xx_ll_usb.o
                0x0000000008006492                USB_HC_Halt
 .text.USB_DoPing
                0x0000000008006690       0x78 Drivers/STM32F4xx_HAL_Driver/Src/stm32f4xx_ll_usb.o
                0x0000000008006690                USB_DoPing
 .text.USB_StopHost
                0x0000000008006708      0x10c Drivers/STM32F4xx_HAL_Driver/Src/stm32f4xx_ll_usb.o
                0x0000000008006708                USB_StopHost
 .text.USBH_Init
                0x0000000008006814       0xb8 Middlewares/ST/STM32_USB_Host_Library/Core/Src/usbh_core.o
                0x0000000008006814                USBH_Init
 .text.DeInitStateMachine
                0x00000000080068cc       0xa8 Middlewares/ST/STM32_USB_Host_Library/Core/Src/usbh_core.o
 .text.USBH_RegisterClass
                0x0000000008006974       0x54 Middlewares/ST/STM32_USB_Host_Library/Core/Src/usbh_core.o
                0x0000000008006974                USBH_RegisterClass
 .text.USBH_SelectInterface
                0x00000000080069c8       0x38 Middlewares/ST/STM32_USB_Host_Library/Core/Src/usbh_core.o
                0x00000000080069c8                USBH_SelectInterface
 .text.USBH_FindInterface
                0x0000000008006a00       0x8c Middlewares/ST/STM32_USB_Host_Library/Core/Src/usbh_core.o
                0x0000000008006a00                USBH_FindInterface
 .text.USBH_Start
                0x0000000008006a8c       0x20 Middlewares/ST/STM32_USB_Host_Library/Core/Src/usbh_core.o
                0x0000000008006a8c                USBH_Start
 .text.USBH_Process
                0x0000000008006aac      0x4c4 Middlewares/ST/STM32_USB_Host_Library/Core/Src/usbh_core.o
                0x0000000008006aac                USBH_Process
 .text.USBH_HandleEnum
                0x0000000008006f70      0x458 Middlewares/ST/STM32_USB_Host_Library/Core/Src/usbh_core.o
 .text.USBH_LL_SetTimer
                0x00000000080073c8       0x1e Middlewares/ST/STM32_USB_Host_Library/Core/Src/usbh_core.o
                0x00000000080073c8                USBH_LL_SetTimer
 .text.USBH_LL_IncTimer
                0x00000000080073e6       0x24 Middlewares/ST/STM32_USB_Host_Library/Core/Src/usbh_core.o
                0x00000000080073e6                USBH_LL_IncTimer
 .text.USBH_HandleSof
                0x000000000800740a       0x30 Middlewares/ST/STM32_USB_Host_Library/Core/Src/usbh_core.o
 .text.USBH_LL_PortEnabled
                0x000000000800743a       0x34 Middlewares/ST/STM32_USB_Host_Library/Core/Src/usbh_core.o
                0x000000000800743a                USBH_LL_PortEnabled
 .text.USBH_LL_PortDisabled
                0x000000000800746e       0x1c Middlewares/ST/STM32_USB_Host_Library/Core/Src/usbh_core.o
                0x000000000800746e                USBH_LL_PortDisabled
 .text.USBH_LL_Connect
                0x000000000800748a       0x46 Middlewares/ST/STM32_USB_Host_Library/Core/Src/usbh_core.o
                0x000000000800748a                USBH_LL_Connect
 .text.USBH_LL_Disconnect
                0x00000000080074d0       0x64 Middlewares/ST/STM32_USB_Host_Library/Core/Src/usbh_core.o
                0x00000000080074d0                USBH_LL_Disconnect
 .text.USBH_Process_OS
                0x0000000008007534       0x2e Middlewares/ST/STM32_USB_Host_Library/Core/Src/usbh_core.o
 .text.USBH_LL_NotifyURBChange
                0x0000000008007562       0x2e Middlewares/ST/STM32_USB_Host_Library/Core/Src/usbh_core.o
                0x0000000008007562                USBH_LL_NotifyURBChange
 .text.USBH_Get_DevDesc
                0x0000000008007590       0x50 Middlewares/ST/STM32_USB_Host_Library/Core/Src/usbh_ctlreq.o
                0x0000000008007590                USBH_Get_DevDesc
 .text.USBH_Get_CfgDesc
                0x00000000080075e0       0x48 Middlewares/ST/STM32_USB_Host_Library/Core/Src/usbh_ctlreq.o
                0x00000000080075e0                USBH_Get_CfgDesc
 .text.USBH_Get_StringDesc
                0x0000000008007628       0x56 Middlewares/ST/STM32_USB_Host_Library/Core/Src/usbh_ctlreq.o
                0x0000000008007628                USBH_Get_StringDesc
 .text.USBH_GetDescriptor
                0x000000000800767e       0x6a Middlewares/ST/STM32_USB_Host_Library/Core/Src/usbh_ctlreq.o
                0x000000000800767e                USBH_GetDescriptor
 .text.USBH_SetAddress
                0x00000000080076e8       0x48 Middlewares/ST/STM32_USB_Host_Library/Core/Src/usbh_ctlreq.o
                0x00000000080076e8                USBH_SetAddress
 .text.USBH_SetCfg
                0x0000000008007730       0x46 Middlewares/ST/STM32_USB_Host_Library/Core/Src/usbh_ctlreq.o
                0x0000000008007730                USBH_SetCfg
 .text.USBH_SetFeature
                0x0000000008007776       0x48 Middlewares/ST/STM32_USB_Host_Library/Core/Src/usbh_ctlreq.o
                0x0000000008007776                USBH_SetFeature
 .text.USBH_ClrFeature
                0x00000000080077be       0x48 Middlewares/ST/STM32_USB_Host_Library/Core/Src/usbh_ctlreq.o
                0x00000000080077be                USBH_ClrFeature
 .text.USBH_ParseDevDesc
                0x0000000008007806       0xe0 Middlewares/ST/STM32_USB_Host_Library/Core/Src/usbh_ctlreq.o
 .text.USBH_ParseCfgDesc
                0x00000000080078e6      0x144 Middlewares/ST/STM32_USB_Host_Library/Core/Src/usbh_ctlreq.o
 .text.USBH_ParseInterfaceDesc
                0x0000000008007a2a       0x5e Middlewares/ST/STM32_USB_Host_Library/Core/Src/usbh_ctlreq.o
 .text.USBH_ParseEPDesc
                0x0000000008007a88       0x5a Middlewares/ST/STM32_USB_Host_Library/Core/Src/usbh_ctlreq.o
 .text.USBH_ParseStringDesc
                0x0000000008007ae2       0x66 Middlewares/ST/STM32_USB_Host_Library/Core/Src/usbh_ctlreq.o
 .text.USBH_GetNextDesc
                0x0000000008007b48       0x36 Middlewares/ST/STM32_USB_Host_Library/Core/Src/usbh_ctlreq.o
                0x0000000008007b48                USBH_GetNextDesc
 .text.USBH_CtlReq
                0x0000000008007b7e       0xb2 Middlewares/ST/STM32_USB_Host_Library/Core/Src/usbh_ctlreq.o
                0x0000000008007b7e                USBH_CtlReq
 .text.USBH_HandleControl
                0x0000000008007c30      0x490 Middlewares/ST/STM32_USB_Host_Library/Core/Src/usbh_ctlreq.o
 .text.USBH_CtlSendSetup
                0x00000000080080c0       0x34 Middlewares/ST/STM32_USB_Host_Library/Core/Src/usbh_ioreq.o
                0x00000000080080c0                USBH_CtlSendSetup
 .text.USBH_CtlSendData
                0x00000000080080f4       0x4a Middlewares/ST/STM32_USB_Host_Library/Core/Src/usbh_ioreq.o
                0x00000000080080f4                USBH_CtlSendData
 .text.USBH_CtlReceiveData
                0x000000000800813e       0x3c Middlewares/ST/STM32_USB_Host_Library/Core/Src/usbh_ioreq.o
                0x000000000800813e                USBH_CtlReceiveData
 .text.USBH_InterruptReceiveData
                0x000000000800817a       0x3e Middlewares/ST/STM32_USB_Host_Library/Core/Src/usbh_ioreq.o
                0x000000000800817a                USBH_InterruptReceiveData
 .text.USBH_OpenPipe
                0x00000000080081b8       0x3e Middlewares/ST/STM32_USB_Host_Library/Core/Src/usbh_pipes.o
                0x00000000080081b8                USBH_OpenPipe
 .text.USBH_ClosePipe
                0x00000000080081f6       0x20 Middlewares/ST/STM32_USB_Host_Library/Core/Src/usbh_pipes.o
                0x00000000080081f6                USBH_ClosePipe
 .text.USBH_AllocPipe
                0x0000000008008216       0x42 Middlewares/ST/STM32_USB_Host_Library/Core/Src/usbh_pipes.o
                0x0000000008008216                USBH_AllocPipe
 .text.USBH_FreePipe
                0x0000000008008258       0x3c Middlewares/ST/STM32_USB_Host_Library/Core/Src/usbh_pipes.o
                0x0000000008008258                USBH_FreePipe
 .text.USBH_GetFreePipe
                0x0000000008008294       0x48 Middlewares/ST/STM32_USB_Host_Library/Core/Src/usbh_pipes.o
 .text.SVC_Setup
                0x00000000080082dc        0xe Middlewares/Third_Party/FreeRTOS/Source/CMSIS_RTOS_V2/cmsis_os2.o
 *fill*         0x00000000080082ea        0x2 
 .text.osKernelInitialize
                0x00000000080082ec       0x68 Middlewares/Third_Party/FreeRTOS/Source/CMSIS_RTOS_V2/cmsis_os2.o
                0x00000000080082ec                osKernelInitialize
 .text.osKernelStart
                0x0000000008008354       0x6c Middlewares/Third_Party/FreeRTOS/Source/CMSIS_RTOS_V2/cmsis_os2.o
                0x0000000008008354                osKernelStart
 .text.osThreadNew
                0x00000000080083c0      0x14c Middlewares/Third_Party/FreeRTOS/Source/CMSIS_RTOS_V2/cmsis_os2.o
                0x00000000080083c0                osThreadNew
 .text.osThreadSuspend
                0x000000000800850c       0x68 Middlewares/Third_Party/FreeRTOS/Source/CMSIS_RTOS_V2/cmsis_os2.o
                0x000000000800850c                osThreadSuspend
 .text.osDelay  0x0000000008008574       0x5c Middlewares/Third_Party/FreeRTOS/Source/CMSIS_RTOS_V2/cmsis_os2.o
                0x0000000008008574                osDelay
 .text.osMutexNew
                0x00000000080085d0      0x134 Middlewares/Third_Party/FreeRTOS/Source/CMSIS_RTOS_V2/cmsis_os2.o
                0x00000000080085d0                osMutexNew
 .text.osMutexAcquire
                0x0000000008008704       0xbc Middlewares/Third_Party/FreeRTOS/Source/CMSIS_RTOS_V2/cmsis_os2.o
                0x0000000008008704                osMutexAcquire
 .text.osMutexRelease
                0x00000000080087c0       0xa0 Middlewares/Third_Party/FreeRTOS/Source/CMSIS_RTOS_V2/cmsis_os2.o
                0x00000000080087c0                osMutexRelease
 .text.osSemaphoreNew
                0x0000000008008860      0x138 Middlewares/Third_Party/FreeRTOS/Source/CMSIS_RTOS_V2/cmsis_os2.o
                0x0000000008008860                osSemaphoreNew
 .text.osSemaphoreAcquire
                0x0000000008008998       0xcc Middlewares/Third_Party/FreeRTOS/Source/CMSIS_RTOS_V2/cmsis_os2.o
                0x0000000008008998                osSemaphoreAcquire
 .text.osSemaphoreRelease
                0x0000000008008a64       0xb0 Middlewares/Third_Party/FreeRTOS/Source/CMSIS_RTOS_V2/cmsis_os2.o
                0x0000000008008a64                osSemaphoreRelease
 .text.osMessageQueueNew
                0x0000000008008b14      0x10c Middlewares/Third_Party/FreeRTOS/Source/CMSIS_RTOS_V2/cmsis_os2.o
                0x0000000008008b14                osMessageQueueNew
 .text.osMessageQueuePut
                0x0000000008008c20       0xe8 Middlewares/Third_Party/FreeRTOS/Source/CMSIS_RTOS_V2/cmsis_os2.o
                0x0000000008008c20                osMessageQueuePut
 .text.osMessageQueueGet
                0x0000000008008d08       0xe4 Middlewares/Third_Party/FreeRTOS/Source/CMSIS_RTOS_V2/cmsis_os2.o
                0x0000000008008d08                osMessageQueueGet
 .text.osMessageQueueGetSpace
                0x0000000008008dec       0x90 Middlewares/Third_Party/FreeRTOS/Source/CMSIS_RTOS_V2/cmsis_os2.o
                0x0000000008008dec                osMessageQueueGetSpace
 .text.osMessageQueueReset
                0x0000000008008e7c       0x68 Middlewares/Third_Party/FreeRTOS/Source/CMSIS_RTOS_V2/cmsis_os2.o
                0x0000000008008e7c                osMessageQueueReset
 .text.vApplicationGetIdleTaskMemory
                0x0000000008008ee4       0x34 Middlewares/Third_Party/FreeRTOS/Source/CMSIS_RTOS_V2/cmsis_os2.o
                0x0000000008008ee4                vApplicationGetIdleTaskMemory
 .text.vApplicationGetTimerTaskMemory
                0x0000000008008f18       0x34 Middlewares/Third_Party/FreeRTOS/Source/CMSIS_RTOS_V2/cmsis_os2.o
                0x0000000008008f18                vApplicationGetTimerTaskMemory
 .text.vListInitialise
                0x0000000008008f4c       0x40 Middlewares/Third_Party/FreeRTOS/Source/list.o
                0x0000000008008f4c                vListInitialise
 .text.vListInitialiseItem
                0x0000000008008f8c       0x1a Middlewares/Third_Party/FreeRTOS/Source/list.o
                0x0000000008008f8c                vListInitialiseItem
 .text.vListInsertEnd
                0x0000000008008fa6       0x48 Middlewares/Third_Party/FreeRTOS/Source/list.o
                0x0000000008008fa6                vListInsertEnd
 .text.vListInsert
                0x0000000008008fee       0x72 Middlewares/Third_Party/FreeRTOS/Source/list.o
                0x0000000008008fee                vListInsert
 .text.uxListRemove
                0x0000000008009060       0x54 Middlewares/Third_Party/FreeRTOS/Source/list.o
                0x0000000008009060                uxListRemove
 .text.xQueueGenericReset
                0x00000000080090b4       0xd0 Middlewares/Third_Party/FreeRTOS/Source/queue.o
                0x00000000080090b4                xQueueGenericReset
 .text.xQueueGenericCreateStatic
                0x0000000008009184       0xf0 Middlewares/Third_Party/FreeRTOS/Source/queue.o
                0x0000000008009184                xQueueGenericCreateStatic
 .text.xQueueGenericCreate
                0x0000000008009274       0x80 Middlewares/Third_Party/FreeRTOS/Source/queue.o
                0x0000000008009274                xQueueGenericCreate
 .text.prvInitialiseNewQueue
                0x00000000080092f4       0x46 Middlewares/Third_Party/FreeRTOS/Source/queue.o
 .text.prvInitialiseMutex
                0x000000000800933a       0x34 Middlewares/Third_Party/FreeRTOS/Source/queue.o
 .text.xQueueCreateMutex
                0x000000000800936e       0x30 Middlewares/Third_Party/FreeRTOS/Source/queue.o
                0x000000000800936e                xQueueCreateMutex
 .text.xQueueCreateMutexStatic
                0x000000000800939e       0x36 Middlewares/Third_Party/FreeRTOS/Source/queue.o
                0x000000000800939e                xQueueCreateMutexStatic
 .text.xQueueGiveMutexRecursive
                0x00000000080093d4       0x68 Middlewares/Third_Party/FreeRTOS/Source/queue.o
                0x00000000080093d4                xQueueGiveMutexRecursive
 .text.xQueueTakeMutexRecursive
                0x000000000800943c       0x6c Middlewares/Third_Party/FreeRTOS/Source/queue.o
                0x000000000800943c                xQueueTakeMutexRecursive
 .text.xQueueCreateCountingSemaphoreStatic
                0x00000000080094a8       0x6e Middlewares/Third_Party/FreeRTOS/Source/queue.o
                0x00000000080094a8                xQueueCreateCountingSemaphoreStatic
 .text.xQueueCreateCountingSemaphore
                0x0000000008009516       0x66 Middlewares/Third_Party/FreeRTOS/Source/queue.o
                0x0000000008009516                xQueueCreateCountingSemaphore
 .text.xQueueGenericSend
                0x000000000800957c      0x1fc Middlewares/Third_Party/FreeRTOS/Source/queue.o
                0x000000000800957c                xQueueGenericSend
 .text.xQueueGenericSendFromISR
                0x0000000008009778      0x130 Middlewares/Third_Party/FreeRTOS/Source/queue.o
                0x0000000008009778                xQueueGenericSendFromISR
 .text.xQueueGiveFromISR
                0x00000000080098a8      0x11a Middlewares/Third_Party/FreeRTOS/Source/queue.o
                0x00000000080098a8                xQueueGiveFromISR
 *fill*         0x00000000080099c2        0x2 
 .text.xQueueReceive
                0x00000000080099c4      0x1c0 Middlewares/Third_Party/FreeRTOS/Source/queue.o
                0x00000000080099c4                xQueueReceive
 .text.xQueueSemaphoreTake
                0x0000000008009b84      0x218 Middlewares/Third_Party/FreeRTOS/Source/queue.o
                0x0000000008009b84                xQueueSemaphoreTake
 .text.xQueueReceiveFromISR
                0x0000000008009d9c      0x100 Middlewares/Third_Party/FreeRTOS/Source/queue.o
                0x0000000008009d9c                xQueueReceiveFromISR
 .text.uxQueueSpacesAvailable
                0x0000000008009e9c       0x46 Middlewares/Third_Party/FreeRTOS/Source/queue.o
                0x0000000008009e9c                uxQueueSpacesAvailable
 .text.vQueueDelete
                0x0000000008009ee2       0x46 Middlewares/Third_Party/FreeRTOS/Source/queue.o
                0x0000000008009ee2                vQueueDelete
 .text.prvGetDisinheritPriorityAfterTimeout
                0x0000000008009f28       0x30 Middlewares/Third_Party/FreeRTOS/Source/queue.o
 .text.prvCopyDataToQueue
                0x0000000008009f58       0xd4 Middlewares/Third_Party/FreeRTOS/Source/queue.o
 .text.prvCopyDataFromQueue
                0x000000000800a02c       0x4c Middlewares/Third_Party/FreeRTOS/Source/queue.o
 .text.prvUnlockQueue
                0x000000000800a078       0xa4 Middlewares/Third_Party/FreeRTOS/Source/queue.o
 .text.prvIsQueueEmpty
                0x000000000800a11c       0x2c Middlewares/Third_Party/FreeRTOS/Source/queue.o
 .text.prvIsQueueFull
                0x000000000800a148       0x30 Middlewares/Third_Party/FreeRTOS/Source/queue.o
 .text.vQueueAddToRegistry
                0x000000000800a178       0x54 Middlewares/Third_Party/FreeRTOS/Source/queue.o
                0x000000000800a178                vQueueAddToRegistry
 .text.vQueueUnregisterQueue
                0x000000000800a1cc       0x54 Middlewares/Third_Party/FreeRTOS/Source/queue.o
                0x000000000800a1cc                vQueueUnregisterQueue
 .text.vQueueWaitForMessageRestricted
                0x000000000800a220       0x68 Middlewares/Third_Party/FreeRTOS/Source/queue.o
                0x000000000800a220                vQueueWaitForMessageRestricted
 .text.xTaskCreateStatic
                0x000000000800a288       0xba Middlewares/Third_Party/FreeRTOS/Source/tasks.o
                0x000000000800a288                xTaskCreateStatic
 .text.xTaskCreate
                0x000000000800a342       0x8a Middlewares/Third_Party/FreeRTOS/Source/tasks.o
                0x000000000800a342                xTaskCreate
 .text.prvInitialiseNewTask
                0x000000000800a3cc      0x11e Middlewares/Third_Party/FreeRTOS/Source/tasks.o
 *fill*         0x000000000800a4ea        0x2 
 .text.prvAddNewTaskToReadyList
                0x000000000800a4ec       0xe0 Middlewares/Third_Party/FreeRTOS/Source/tasks.o
 .text.vTaskDelay
                0x000000000800a5cc       0x68 Middlewares/Third_Party/FreeRTOS/Source/tasks.o
                0x000000000800a5cc                vTaskDelay
 .text.vTaskSuspend
                0x000000000800a634       0xec Middlewares/Third_Party/FreeRTOS/Source/tasks.o
                0x000000000800a634                vTaskSuspend
 .text.vTaskStartScheduler
                0x000000000800a720       0xcc Middlewares/Third_Party/FreeRTOS/Source/tasks.o
                0x000000000800a720                vTaskStartScheduler
 .text.vTaskSuspendAll
                0x000000000800a7ec       0x1c Middlewares/Third_Party/FreeRTOS/Source/tasks.o
                0x000000000800a7ec                vTaskSuspendAll
 .text.xTaskResumeAll
                0x000000000800a808      0x13c Middlewares/Third_Party/FreeRTOS/Source/tasks.o
                0x000000000800a808                xTaskResumeAll
 .text.xTaskGetTickCount
                0x000000000800a944       0x20 Middlewares/Third_Party/FreeRTOS/Source/tasks.o
                0x000000000800a944                xTaskGetTickCount
 .text.xTaskIncrementTick
                0x000000000800a964      0x174 Middlewares/Third_Party/FreeRTOS/Source/tasks.o
                0x000000000800a964                xTaskIncrementTick
 .text.vTaskSwitchContext
                0x000000000800aad8       0xbc Middlewares/Third_Party/FreeRTOS/Source/tasks.o
                0x000000000800aad8                vTaskSwitchContext
 .text.vTaskPlaceOnEventList
                0x000000000800ab94       0x48 Middlewares/Third_Party/FreeRTOS/Source/tasks.o
                0x000000000800ab94                vTaskPlaceOnEventList
 .text.vTaskPlaceOnEventListRestricted
                0x000000000800abdc       0x58 Middlewares/Third_Party/FreeRTOS/Source/tasks.o
                0x000000000800abdc                vTaskPlaceOnEventListRestricted
 .text.xTaskRemoveFromEventList
                0x000000000800ac34       0xc8 Middlewares/Third_Party/FreeRTOS/Source/tasks.o
                0x000000000800ac34                xTaskRemoveFromEventList
 .text.vTaskInternalSetTimeOutState
                0x000000000800acfc       0x2c Middlewares/Third_Party/FreeRTOS/Source/tasks.o
                0x000000000800acfc                vTaskInternalSetTimeOutState
 .text.xTaskCheckForTimeOut
                0x000000000800ad28       0xc4 Middlewares/Third_Party/FreeRTOS/Source/tasks.o
                0x000000000800ad28                xTaskCheckForTimeOut
 .text.vTaskMissedYield
                0x000000000800adec       0x18 Middlewares/Third_Party/FreeRTOS/Source/tasks.o
                0x000000000800adec                vTaskMissedYield
 .text.prvIdleTask
                0x000000000800ae04       0x30 Middlewares/Third_Party/FreeRTOS/Source/tasks.o
 .text.prvInitialiseTaskLists
                0x000000000800ae34       0x80 Middlewares/Third_Party/FreeRTOS/Source/tasks.o
 .text.prvCheckTasksWaitingTermination
                0x000000000800aeb4       0x5c Middlewares/Third_Party/FreeRTOS/Source/tasks.o
 .text.prvDeleteTCB
                0x000000000800af10       0x5e Middlewares/Third_Party/FreeRTOS/Source/tasks.o
 *fill*         0x000000000800af6e        0x2 
 .text.prvResetNextTaskUnblockTime
                0x000000000800af70       0x40 Middlewares/Third_Party/FreeRTOS/Source/tasks.o
 .text.xTaskGetCurrentTaskHandle
                0x000000000800afb0       0x20 Middlewares/Third_Party/FreeRTOS/Source/tasks.o
                0x000000000800afb0                xTaskGetCurrentTaskHandle
 .text.xTaskGetSchedulerState
                0x000000000800afd0       0x3c Middlewares/Third_Party/FreeRTOS/Source/tasks.o
                0x000000000800afd0                xTaskGetSchedulerState
 .text.xTaskPriorityInherit
                0x000000000800b00c       0xd0 Middlewares/Third_Party/FreeRTOS/Source/tasks.o
                0x000000000800b00c                xTaskPriorityInherit
 .text.xTaskPriorityDisinherit
                0x000000000800b0dc       0xdc Middlewares/Third_Party/FreeRTOS/Source/tasks.o
                0x000000000800b0dc                xTaskPriorityDisinherit
 .text.vTaskPriorityDisinheritAfterTimeout
                0x000000000800b1b8      0x104 Middlewares/Third_Party/FreeRTOS/Source/tasks.o
                0x000000000800b1b8                vTaskPriorityDisinheritAfterTimeout
 .text.pvTaskIncrementMutexHeldCount
                0x000000000800b2bc       0x28 Middlewares/Third_Party/FreeRTOS/Source/tasks.o
                0x000000000800b2bc                pvTaskIncrementMutexHeldCount
 .text.prvAddCurrentTaskToDelayedList
                0x000000000800b2e4       0xa8 Middlewares/Third_Party/FreeRTOS/Source/tasks.o
 .text.xTimerCreateTimerTask
                0x000000000800b38c       0x90 Middlewares/Third_Party/FreeRTOS/Source/timers.o
                0x000000000800b38c                xTimerCreateTimerTask
 .text.xTimerGenericCommand
                0x000000000800b41c       0x9c Middlewares/Third_Party/FreeRTOS/Source/timers.o
                0x000000000800b41c                xTimerGenericCommand
 .text.prvProcessExpiredTimer
                0x000000000800b4b8       0x98 Middlewares/Third_Party/FreeRTOS/Source/timers.o
 .text.prvTimerTask
                0x000000000800b550       0x24 Middlewares/Third_Party/FreeRTOS/Source/timers.o
 .text.prvProcessTimerOrBlockTask
                0x000000000800b574       0x9c Middlewares/Third_Party/FreeRTOS/Source/timers.o
 .text.prvGetNextExpireTime
                0x000000000800b610       0x48 Middlewares/Third_Party/FreeRTOS/Source/timers.o
 .text.prvSampleTimeNow
                0x000000000800b658       0x40 Middlewares/Third_Party/FreeRTOS/Source/timers.o
 .text.prvInsertTimerInActiveList
                0x000000000800b698       0x84 Middlewares/Third_Party/FreeRTOS/Source/timers.o
 .text.prvProcessReceivedCommands
                0x000000000800b71c      0x1c4 Middlewares/Third_Party/FreeRTOS/Source/timers.o
 .text.prvSwitchTimerLists
                0x000000000800b8e0       0xc8 Middlewares/Third_Party/FreeRTOS/Source/timers.o
 .text.prvCheckForValidListAndQueue
                0x000000000800b9a8       0x80 Middlewares/Third_Party/FreeRTOS/Source/timers.o
 .text.pxPortInitialiseStack
                0x000000000800ba28       0x68 Middlewares/Third_Party/FreeRTOS/Source/portable/GCC/ARM_CM4F/port.o
                0x000000000800ba28                pxPortInitialiseStack
 .text.prvTaskExitError
                0x000000000800ba90       0x58 Middlewares/Third_Party/FreeRTOS/Source/portable/GCC/ARM_CM4F/port.o
 *fill*         0x000000000800bae8        0x8 
 .text.SVC_Handler
                0x000000000800baf0       0x28 Middlewares/Third_Party/FreeRTOS/Source/portable/GCC/ARM_CM4F/port.o
                0x000000000800baf0                SVC_Handler
 .text.prvPortStartFirstTask
                0x000000000800bb18       0x28 Middlewares/Third_Party/FreeRTOS/Source/portable/GCC/ARM_CM4F/port.o
 .text.xPortStartScheduler
                0x000000000800bb40      0x144 Middlewares/Third_Party/FreeRTOS/Source/portable/GCC/ARM_CM4F/port.o
                0x000000000800bb40                xPortStartScheduler
 .text.vPortEnterCritical
                0x000000000800bc84       0x60 Middlewares/Third_Party/FreeRTOS/Source/portable/GCC/ARM_CM4F/port.o
                0x000000000800bc84                vPortEnterCritical
 .text.vPortExitCritical
                0x000000000800bce4       0x54 Middlewares/Third_Party/FreeRTOS/Source/portable/GCC/ARM_CM4F/port.o
                0x000000000800bce4                vPortExitCritical
 *fill*         0x000000000800bd38        0x8 
 .text.PendSV_Handler
                0x000000000800bd40       0x68 Middlewares/Third_Party/FreeRTOS/Source/portable/GCC/ARM_CM4F/port.o
                0x000000000800bd40                PendSV_Handler
 .text.SysTick_Handler
                0x000000000800bda8       0x44 Middlewares/Third_Party/FreeRTOS/Source/portable/GCC/ARM_CM4F/port.o
                0x000000000800bda8                SysTick_Handler
 .text.vPortSetupTimerInterrupt
                0x000000000800bdec       0x48 Middlewares/Third_Party/FreeRTOS/Source/portable/GCC/ARM_CM4F/port.o
                0x000000000800bdec                vPortSetupTimerInterrupt
 .text.vPortEnableVFP
                0x000000000800be34       0x14 Middlewares/Third_Party/FreeRTOS/Source/portable/GCC/ARM_CM4F/port.o
 .text.vPortValidateInterruptPriority
                0x000000000800be48       0x80 Middlewares/Third_Party/FreeRTOS/Source/portable/GCC/ARM_CM4F/port.o
                0x000000000800be48                vPortValidateInterruptPriority
 .text.pvPortMalloc
                0x000000000800bec8      0x188 Middlewares/Third_Party/FreeRTOS/Source/portable/MemMang/heap_4.o
                0x000000000800bec8                pvPortMalloc
 .text.vPortFree
                0x000000000800c050       0xb4 Middlewares/Third_Party/FreeRTOS/Source/portable/MemMang/heap_4.o
                0x000000000800c050                vPortFree
 .text.prvHeapInit
                0x000000000800c104       0xc4 Middlewares/Third_Party/FreeRTOS/Source/portable/MemMang/heap_4.o
 .text.prvInsertBlockIntoFreeList
                0x000000000800c1c8       0xb4 Middlewares/Third_Party/FreeRTOS/Source/portable/MemMang/heap_4.o
 .text.MX_USB_HOST_Process
                0x000000000800c27c       0x14 USB_HOST/App/usb_host.o
                0x000000000800c27c                MX_USB_HOST_Process
 .text.MX_USB_HOST_SuspendThread
                0x000000000800c290       0x18 USB_HOST/App/usb_host.o
                0x000000000800c290                MX_USB_HOST_SuspendThread
 .text.MX_USB_HOST_Init
                0x000000000800c2a8       0x4c USB_HOST/App/usb_host.o
                0x000000000800c2a8                MX_USB_HOST_Init
 .text.USBH_UserProcess
                0x000000000800c2f4       0x5c USB_HOST/App/usb_host.o
 .text.HAL_HCD_MspInit
                0x000000000800c350       0xa8 USB_HOST/Target/usbh_conf.o
                0x000000000800c350                HAL_HCD_MspInit
 .text.HAL_HCD_SOF_Callback
                0x000000000800c3f8       0x1c USB_HOST/Target/usbh_conf.o
                0x000000000800c3f8                HAL_HCD_SOF_Callback
 .text.HAL_HCD_Connect_Callback
                0x000000000800c414       0x1c USB_HOST/Target/usbh_conf.o
                0x000000000800c414                HAL_HCD_Connect_Callback
 .text.HAL_HCD_Disconnect_Callback
                0x000000000800c430       0x1c USB_HOST/Target/usbh_conf.o
                0x000000000800c430                HAL_HCD_Disconnect_Callback
 .text.HAL_HCD_HC_NotifyURBChange_Callback
                0x000000000800c44c       0x24 USB_HOST/Target/usbh_conf.o
                0x000000000800c44c                HAL_HCD_HC_NotifyURBChange_Callback
 .text.HAL_HCD_PortEnabled_Callback
                0x000000000800c470       0x1c USB_HOST/Target/usbh_conf.o
                0x000000000800c470                HAL_HCD_PortEnabled_Callback
 .text.HAL_HCD_PortDisabled_Callback
                0x000000000800c48c       0x1c USB_HOST/Target/usbh_conf.o
                0x000000000800c48c                HAL_HCD_PortDisabled_Callback
 .text.USBH_LL_Init
                0x000000000800c4a8       0x78 USB_HOST/Target/usbh_conf.o
                0x000000000800c4a8                USBH_LL_Init
 .text.USBH_LL_Start
                0x000000000800c520       0x36 USB_HOST/Target/usbh_conf.o
                0x000000000800c520                USBH_LL_Start
 .text.USBH_LL_Stop
                0x000000000800c556       0x36 USB_HOST/Target/usbh_conf.o
                0x000000000800c556                USBH_LL_Stop
 .text.USBH_LL_GetSpeed
                0x000000000800c58c       0x4e USB_HOST/Target/usbh_conf.o
                0x000000000800c58c                USBH_LL_GetSpeed
 .text.USBH_LL_ResetPort
                0x000000000800c5da       0x36 USB_HOST/Target/usbh_conf.o
                0x000000000800c5da                USBH_LL_ResetPort
 .text.USBH_LL_GetLastXferSize
                0x000000000800c610       0x26 USB_HOST/Target/usbh_conf.o
                0x000000000800c610                USBH_LL_GetLastXferSize
 .text.USBH_LL_OpenPipe
                0x000000000800c636       0x5e USB_HOST/Target/usbh_conf.o
                0x000000000800c636                USBH_LL_OpenPipe
 .text.USBH_LL_ClosePipe
                0x000000000800c694       0x3e USB_HOST/Target/usbh_conf.o
                0x000000000800c694                USBH_LL_ClosePipe
 .text.USBH_LL_SubmitURB
                0x000000000800c6d2       0x62 USB_HOST/Target/usbh_conf.o
                0x000000000800c6d2                USBH_LL_SubmitURB
 .text.USBH_LL_GetURBState
                0x000000000800c734       0x26 USB_HOST/Target/usbh_conf.o
                0x000000000800c734                USBH_LL_GetURBState
 .text.USBH_LL_DriverVBUS
                0x000000000800c75a       0x2e USB_HOST/Target/usbh_conf.o
                0x000000000800c75a                USBH_LL_DriverVBUS
 .text.USBH_LL_SetToggle
                0x000000000800c788       0x66 USB_HOST/Target/usbh_conf.o
                0x000000000800c788                USBH_LL_SetToggle
 .text.USBH_Delay
                0x000000000800c7ee       0x16 USB_HOST/Target/usbh_conf.o
                0x000000000800c7ee                USBH_Delay
 .text.USBH_Get_USB_Status
                0x000000000800c804       0x58 USB_HOST/Target/usbh_conf.o
                0x000000000800c804                USBH_Get_USB_Status
 .text.MX_DriverVbusFS
                0x000000000800c85c       0x38 USB_HOST/Target/usbh_platform.o
                0x000000000800c85c                MX_DriverVbusFS
 .text.__errno  0x000000000800c894        0xc c:/st/stm32cubeide_1.4.0/stm32cubeide/plugins/com.st.stm32cube.ide.mcu.externaltools.gnu-tools-for-stm32.9-2020-q2-update.win32_1.5.0.202011040924/tools/bin/../lib/gcc/arm-none-eabi/9.3.1/../../../../arm-none-eabi/lib/thumb/v7e-m+fp/hard\libc_nano.a(lib_a-errno.o)
                0x000000000800c894                __errno
 .text.__libc_init_array
                0x000000000800c8a0       0x48 c:/st/stm32cubeide_1.4.0/stm32cubeide/plugins/com.st.stm32cube.ide.mcu.externaltools.gnu-tools-for-stm32.9-2020-q2-update.win32_1.5.0.202011040924/tools/bin/../lib/gcc/arm-none-eabi/9.3.1/../../../../arm-none-eabi/lib/thumb/v7e-m+fp/hard\libc_nano.a(lib_a-init.o)
                0x000000000800c8a0                __libc_init_array
 .text.free     0x000000000800c8e8       0x10 c:/st/stm32cubeide_1.4.0/stm32cubeide/plugins/com.st.stm32cube.ide.mcu.externaltools.gnu-tools-for-stm32.9-2020-q2-update.win32_1.5.0.202011040924/tools/bin/../lib/gcc/arm-none-eabi/9.3.1/../../../../arm-none-eabi/lib/thumb/v7e-m+fp/hard\libc_nano.a(lib_a-malloc.o)
                0x000000000800c8e8                free
 .text.memcpy   0x000000000800c8f8       0x1c c:/st/stm32cubeide_1.4.0/stm32cubeide/plugins/com.st.stm32cube.ide.mcu.externaltools.gnu-tools-for-stm32.9-2020-q2-update.win32_1.5.0.202011040924/tools/bin/../lib/gcc/arm-none-eabi/9.3.1/../../../../arm-none-eabi/lib/thumb/v7e-m+fp/hard\libc_nano.a(lib_a-memcpy-stub.o)
                0x000000000800c8f8                memcpy
 .text.memset   0x000000000800c914       0x10 c:/st/stm32cubeide_1.4.0/stm32cubeide/plugins/com.st.stm32cube.ide.mcu.externaltools.gnu-tools-for-stm32.9-2020-q2-update.win32_1.5.0.202011040924/tools/bin/../lib/gcc/arm-none-eabi/9.3.1/../../../../arm-none-eabi/lib/thumb/v7e-m+fp/hard\libc_nano.a(lib_a-memset.o)
                0x000000000800c914                memset
 .text._free_r  0x000000000800c924       0xa0 c:/st/stm32cubeide_1.4.0/stm32cubeide/plugins/com.st.stm32cube.ide.mcu.externaltools.gnu-tools-for-stm32.9-2020-q2-update.win32_1.5.0.202011040924/tools/bin/../lib/gcc/arm-none-eabi/9.3.1/../../../../arm-none-eabi/lib/thumb/v7e-m+fp/hard\libc_nano.a(lib_a-nano-freer.o)
                0x000000000800c924                _free_r
 .text._malloc_r
                0x000000000800c9c4       0xb4 c:/st/stm32cubeide_1.4.0/stm32cubeide/plugins/com.st.stm32cube.ide.mcu.externaltools.gnu-tools-for-stm32.9-2020-q2-update.win32_1.5.0.202011040924/tools/bin/../lib/gcc/arm-none-eabi/9.3.1/../../../../arm-none-eabi/lib/thumb/v7e-m+fp/hard\libc_nano.a(lib_a-nano-mallocr.o)
                0x000000000800c9c4                _malloc_r
 .text._sbrk_r  0x000000000800ca78       0x20 c:/st/stm32cubeide_1.4.0/stm32cubeide/plugins/com.st.stm32cube.ide.mcu.externaltools.gnu-tools-for-stm32.9-2020-q2-update.win32_1.5.0.202011040924/tools/bin/../lib/gcc/arm-none-eabi/9.3.1/../../../../arm-none-eabi/lib/thumb/v7e-m+fp/hard\libc_nano.a(lib_a-sbrkr.o)
                0x000000000800ca78                _sbrk_r
 .text.sprintf  0x000000000800ca98       0x40 c:/st/stm32cubeide_1.4.0/stm32cubeide/plugins/com.st.stm32cube.ide.mcu.externaltools.gnu-tools-for-stm32.9-2020-q2-update.win32_1.5.0.202011040924/tools/bin/../lib/gcc/arm-none-eabi/9.3.1/../../../../arm-none-eabi/lib/thumb/v7e-m+fp/hard\libc_nano.a(lib_a-sprintf.o)
                0x000000000800ca98                siprintf
                0x000000000800ca98                sprintf
 .text.__malloc_lock
                0x000000000800cad8        0xc c:/st/stm32cubeide_1.4.0/stm32cubeide/plugins/com.st.stm32cube.ide.mcu.externaltools.gnu-tools-for-stm32.9-2020-q2-update.win32_1.5.0.202011040924/tools/bin/../lib/gcc/arm-none-eabi/9.3.1/../../../../arm-none-eabi/lib/thumb/v7e-m+fp/hard\libc_nano.a(lib_a-mlock.o)
                0x000000000800cad8                __malloc_lock
 .text.__malloc_unlock
                0x000000000800cae4        0xc c:/st/stm32cubeide_1.4.0/stm32cubeide/plugins/com.st.stm32cube.ide.mcu.externaltools.gnu-tools-for-stm32.9-2020-q2-update.win32_1.5.0.202011040924/tools/bin/../lib/gcc/arm-none-eabi/9.3.1/../../../../arm-none-eabi/lib/thumb/v7e-m+fp/hard\libc_nano.a(lib_a-mlock.o)
                0x000000000800cae4                __malloc_unlock
 .text.__ssputs_r
                0x000000000800caf0       0xb6 c:/st/stm32cubeide_1.4.0/stm32cubeide/plugins/com.st.stm32cube.ide.mcu.externaltools.gnu-tools-for-stm32.9-2020-q2-update.win32_1.5.0.202011040924/tools/bin/../lib/gcc/arm-none-eabi/9.3.1/../../../../arm-none-eabi/lib/thumb/v7e-m+fp/hard\libc_nano.a(lib_a-nano-svfprintf.o)
                0x000000000800caf0                __ssputs_r
 *fill*         0x000000000800cba6        0x2 
 .text._svfprintf_r
                0x000000000800cba8      0x200 c:/st/stm32cubeide_1.4.0/stm32cubeide/plugins/com.st.stm32cube.ide.mcu.externaltools.gnu-tools-for-stm32.9-2020-q2-update.win32_1.5.0.202011040924/tools/bin/../lib/gcc/arm-none-eabi/9.3.1/../../../../arm-none-eabi/lib/thumb/v7e-m+fp/hard\libc_nano.a(lib_a-nano-svfprintf.o)
                0x000000000800cba8                _svfiprintf_r
                0x000000000800cba8                _svfprintf_r
 .text._printf_common
                0x000000000800cda8       0xda c:/st/stm32cubeide_1.4.0/stm32cubeide/plugins/com.st.stm32cube.ide.mcu.externaltools.gnu-tools-for-stm32.9-2020-q2-update.win32_1.5.0.202011040924/tools/bin/../lib/gcc/arm-none-eabi/9.3.1/../../../../arm-none-eabi/lib/thumb/v7e-m+fp/hard\libc_nano.a(lib_a-nano-vfprintf_i.o)
                0x000000000800cda8                _printf_common
 *fill*         0x000000000800ce82        0x2 
 .text._printf_i
                0x000000000800ce84      0x24c c:/st/stm32cubeide_1.4.0/stm32cubeide/plugins/com.st.stm32cube.ide.mcu.externaltools.gnu-tools-for-stm32.9-2020-q2-update.win32_1.5.0.202011040924/tools/bin/../lib/gcc/arm-none-eabi/9.3.1/../../../../arm-none-eabi/lib/thumb/v7e-m+fp/hard\libc_nano.a(lib_a-nano-vfprintf_i.o)
                0x000000000800ce84                _printf_i
 .text.__retarget_lock_acquire_recursive
                0x000000000800d0d0        0x2 c:/st/stm32cubeide_1.4.0/stm32cubeide/plugins/com.st.stm32cube.ide.mcu.externaltools.gnu-tools-for-stm32.9-2020-q2-update.win32_1.5.0.202011040924/tools/bin/../lib/gcc/arm-none-eabi/9.3.1/../../../../arm-none-eabi/lib/thumb/v7e-m+fp/hard\libc_nano.a(lib_a-lock.o)
                0x000000000800d0d0                __retarget_lock_acquire_recursive
 .text.__retarget_lock_release_recursive
                0x000000000800d0d2        0x2 c:/st/stm32cubeide_1.4.0/stm32cubeide/plugins/com.st.stm32cube.ide.mcu.externaltools.gnu-tools-for-stm32.9-2020-q2-update.win32_1.5.0.202011040924/tools/bin/../lib/gcc/arm-none-eabi/9.3.1/../../../../arm-none-eabi/lib/thumb/v7e-m+fp/hard\libc_nano.a(lib_a-lock.o)
                0x000000000800d0d2                __retarget_lock_release_recursive
 .text.memmove  0x000000000800d0d4       0x34 c:/st/stm32cubeide_1.4.0/stm32cubeide/plugins/com.st.stm32cube.ide.mcu.externaltools.gnu-tools-for-stm32.9-2020-q2-update.win32_1.5.0.202011040924/tools/bin/../lib/gcc/arm-none-eabi/9.3.1/../../../../arm-none-eabi/lib/thumb/v7e-m+fp/hard\libc_nano.a(lib_a-memmove.o)
                0x000000000800d0d4                memmove
 .text._realloc_r
                0x000000000800d108       0x4c c:/st/stm32cubeide_1.4.0/stm32cubeide/plugins/com.st.stm32cube.ide.mcu.externaltools.gnu-tools-for-stm32.9-2020-q2-update.win32_1.5.0.202011040924/tools/bin/../lib/gcc/arm-none-eabi/9.3.1/../../../../arm-none-eabi/lib/thumb/v7e-m+fp/hard\libc_nano.a(lib_a-nano-reallocr.o)
                0x000000000800d108                _realloc_r
 .text._malloc_usable_size_r
                0x000000000800d154       0x10 c:/st/stm32cubeide_1.4.0/stm32cubeide/plugins/com.st.stm32cube.ide.mcu.externaltools.gnu-tools-for-stm32.9-2020-q2-update.win32_1.5.0.202011040924/tools/bin/../lib/gcc/arm-none-eabi/9.3.1/../../../../arm-none-eabi/lib/thumb/v7e-m+fp/hard\libc_nano.a(lib_a-nano-msizer.o)
                0x000000000800d154                _malloc_usable_size_r
 *(.glue_7)
 .glue_7        0x000000000800d164        0x0 linker stubs
 *(.glue_7t)
 .glue_7t       0x000000000800d164        0x0 linker stubs
 *(.eh_frame)
 .eh_frame      0x000000000800d164        0x0 c:/st/stm32cubeide_1.4.0/stm32cubeide/plugins/com.st.stm32cube.ide.mcu.externaltools.gnu-tools-for-stm32.9-2020-q2-update.win32_1.5.0.202011040924/tools/bin/../lib/gcc/arm-none-eabi/9.3.1/thumb/v7e-m+fp/hard/crtbegin.o
 *(.init)
 .init          0x000000000800d164        0x4 c:/st/stm32cubeide_1.4.0/stm32cubeide/plugins/com.st.stm32cube.ide.mcu.externaltools.gnu-tools-for-stm32.9-2020-q2-update.win32_1.5.0.202011040924/tools/bin/../lib/gcc/arm-none-eabi/9.3.1/thumb/v7e-m+fp/hard/crti.o
                0x000000000800d164                _init
 .init          0x000000000800d168        0x8 c:/st/stm32cubeide_1.4.0/stm32cubeide/plugins/com.st.stm32cube.ide.mcu.externaltools.gnu-tools-for-stm32.9-2020-q2-update.win32_1.5.0.202011040924/tools/bin/../lib/gcc/arm-none-eabi/9.3.1/thumb/v7e-m+fp/hard/crtn.o
 *(.fini)
 .fini          0x000000000800d170        0x4 c:/st/stm32cubeide_1.4.0/stm32cubeide/plugins/com.st.stm32cube.ide.mcu.externaltools.gnu-tools-for-stm32.9-2020-q2-update.win32_1.5.0.202011040924/tools/bin/../lib/gcc/arm-none-eabi/9.3.1/thumb/v7e-m+fp/hard/crti.o
                0x000000000800d170                _fini
 .fini          0x000000000800d174        0x8 c:/st/stm32cubeide_1.4.0/stm32cubeide/plugins/com.st.stm32cube.ide.mcu.externaltools.gnu-tools-for-stm32.9-2020-q2-update.win32_1.5.0.202011040924/tools/bin/../lib/gcc/arm-none-eabi/9.3.1/thumb/v7e-m+fp/hard/crtn.o
                0x000000000800d17c                . = ALIGN (0x4)
                0x000000000800d17c                _etext = .

.vfp11_veneer   0x000000000800d17c        0x0
 .vfp11_veneer  0x000000000800d17c        0x0 linker stubs

.v4_bx          0x000000000800d17c        0x0
 .v4_bx         0x000000000800d17c        0x0 linker stubs

.iplt           0x000000000800d17c        0x0
 .iplt          0x000000000800d17c        0x0 c:/st/stm32cubeide_1.4.0/stm32cubeide/plugins/com.st.stm32cube.ide.mcu.externaltools.gnu-tools-for-stm32.9-2020-q2-update.win32_1.5.0.202011040924/tools/bin/../lib/gcc/arm-none-eabi/9.3.1/thumb/v7e-m+fp/hard/crtbegin.o

.rodata         0x000000000800d17c      0x358
                0x000000000800d17c                . = ALIGN (0x4)
 *(.rodata)
 .rodata        0x000000000800d17c       0xc0 Core/Src/Dualshock3_driver.o
 .rodata        0x000000000800d23c      0x100 Core/Src/main.o
 .rodata        0x000000000800d33c        0x4 Core/Src/USBH_HID_generic/usbh_hid.o
 .rodata        0x000000000800d340        0xb Middlewares/ST/STM32_USB_Host_Library/Core/Src/usbh_core.o
 *fill*         0x000000000800d34b        0x1 
 .rodata        0x000000000800d34c        0x5 Middlewares/Third_Party/FreeRTOS/Source/tasks.o
 *fill*         0x000000000800d351        0x3 
 .rodata        0x000000000800d354        0xd Middlewares/Third_Party/FreeRTOS/Source/timers.o
 *(.rodata*)
 *fill*         0x000000000800d361        0x3 
 .rodata.defaultTask_attributes
                0x000000000800d364       0x24 Core/Src/main.o
                0x000000000800d364                defaultTask_attributes
 .rodata.usbhTask_attributes
                0x000000000800d388       0x24 Core/Src/main.o
                0x000000000800d388                usbhTask_attributes
 .rodata.stateMachineThread_attributes
                0x000000000800d3ac       0x24 Core/Src/main.o
                0x000000000800d3ac                stateMachineThread_attributes
 .rodata.idleThread_attributes
                0x000000000800d3d0       0x24 Core/Src/main.o
                0x000000000800d3d0                idleThread_attributes
 .rodata.translatorThread_attributes
                0x000000000800d3f4       0x24 Core/Src/main.o
                0x000000000800d3f4                translatorThread_attributes
 .rodata.reportQueue_attributes
                0x000000000800d418       0x18 Core/Src/main.o
                0x000000000800d418                reportQueue_attributes
 .rodata.usbhMutex_attributes
                0x000000000800d430       0x10 Core/Src/main.o
                0x000000000800d430                usbhMutex_attributes
 .rodata.uart2Mutex_attributes
                0x000000000800d440       0x10 Core/Src/main.o
                0x000000000800d440                uart2Mutex_attributes
 .rodata.uart3Mutex_attributes
                0x000000000800d450       0x10 Core/Src/main.o
                0x000000000800d450                uart3Mutex_attributes
 .rodata.AHBPrescTable
                0x000000000800d460       0x10 Core/Src/system_stm32f4xx.o
                0x000000000800d460                AHBPrescTable
 .rodata.APBPrescTable
                0x000000000800d470        0x8 Core/Src/system_stm32f4xx.o
                0x000000000800d470                APBPrescTable
 .rodata.null_Driver
                0x000000000800d478       0x28 Core/Src/USBH_HID_generic/usbh_hid_generic.o
                0x000000000800d478                null_Driver
 .rodata._svfprintf_r.str1.1
                0x000000000800d4a0       0x11 c:/st/stm32cubeide_1.4.0/stm32cubeide/plugins/com.st.stm32cube.ide.mcu.externaltools.gnu-tools-for-stm32.9-2020-q2-update.win32_1.5.0.202011040924/tools/bin/../lib/gcc/arm-none-eabi/9.3.1/../../../../arm-none-eabi/lib/thumb/v7e-m+fp/hard\libc_nano.a(lib_a-nano-svfprintf.o)
 .rodata._printf_i.str1.1
                0x000000000800d4b1       0x22 c:/st/stm32cubeide_1.4.0/stm32cubeide/plugins/com.st.stm32cube.ide.mcu.externaltools.gnu-tools-for-stm32.9-2020-q2-update.win32_1.5.0.202011040924/tools/bin/../lib/gcc/arm-none-eabi/9.3.1/../../../../arm-none-eabi/lib/thumb/v7e-m+fp/hard\libc_nano.a(lib_a-nano-vfprintf_i.o)
                0x000000000800d4d4                . = ALIGN (0x4)
 *fill*         0x000000000800d4d3        0x1 

.ARM.extab      0x000000000800d4d4        0x0
                0x000000000800d4d4                . = ALIGN (0x4)
 *(.ARM.extab* .gnu.linkonce.armextab.*)
                0x000000000800d4d4                . = ALIGN (0x4)

.ARM            0x000000000800d4d4        0x8
                0x000000000800d4d4                . = ALIGN (0x4)
                0x000000000800d4d4                __exidx_start = .
 *(.ARM.exidx*)
 .ARM.exidx     0x000000000800d4d4        0x8 c:/st/stm32cubeide_1.4.0/stm32cubeide/plugins/com.st.stm32cube.ide.mcu.externaltools.gnu-tools-for-stm32.9-2020-q2-update.win32_1.5.0.202011040924/tools/bin/../lib/gcc/arm-none-eabi/9.3.1/thumb/v7e-m+fp/hard\libgcc.a(_udivmoddi4.o)
                0x000000000800d4dc                __exidx_end = .
                0x000000000800d4dc                . = ALIGN (0x4)

.rel.dyn        0x000000000800d4dc        0x0
 .rel.iplt      0x000000000800d4dc        0x0 c:/st/stm32cubeide_1.4.0/stm32cubeide/plugins/com.st.stm32cube.ide.mcu.externaltools.gnu-tools-for-stm32.9-2020-q2-update.win32_1.5.0.202011040924/tools/bin/../lib/gcc/arm-none-eabi/9.3.1/thumb/v7e-m+fp/hard/crtbegin.o

.preinit_array  0x000000000800d4dc        0x0
                0x000000000800d4dc                . = ALIGN (0x4)
                0x000000000800d4dc                PROVIDE (__preinit_array_start = .)
 *(.preinit_array*)
                0x000000000800d4dc                PROVIDE (__preinit_array_end = .)
                0x000000000800d4dc                . = ALIGN (0x4)

.init_array     0x000000000800d4dc        0x4
                0x000000000800d4dc                . = ALIGN (0x4)
                0x000000000800d4dc                PROVIDE (__init_array_start = .)
 *(SORT_BY_NAME(.init_array.*))
 *(.init_array*)
 .init_array    0x000000000800d4dc        0x4 c:/st/stm32cubeide_1.4.0/stm32cubeide/plugins/com.st.stm32cube.ide.mcu.externaltools.gnu-tools-for-stm32.9-2020-q2-update.win32_1.5.0.202011040924/tools/bin/../lib/gcc/arm-none-eabi/9.3.1/thumb/v7e-m+fp/hard/crtbegin.o
                0x000000000800d4e0                PROVIDE (__init_array_end = .)
                0x000000000800d4e0                . = ALIGN (0x4)

.fini_array     0x000000000800d4e0        0x4
                0x000000000800d4e0                . = ALIGN (0x4)
                [!provide]                        PROVIDE (__fini_array_start = .)
 *(SORT_BY_NAME(.fini_array.*))
 *(.fini_array*)
 .fini_array    0x000000000800d4e0        0x4 c:/st/stm32cubeide_1.4.0/stm32cubeide/plugins/com.st.stm32cube.ide.mcu.externaltools.gnu-tools-for-stm32.9-2020-q2-update.win32_1.5.0.202011040924/tools/bin/../lib/gcc/arm-none-eabi/9.3.1/thumb/v7e-m+fp/hard/crtbegin.o
                [!provide]                        PROVIDE (__fini_array_end = .)
                0x000000000800d4e4                . = ALIGN (0x4)
                0x000000000800d4e4                _sidata = LOADADDR (.data)

.data           0x0000000020000000       0xbc load address 0x000000000800d4e4
                0x0000000020000000                . = ALIGN (0x4)
                0x0000000020000000                _sdata = .
 *(.data)
 *(.data*)
 .data.dualshock3_Driver
                0x0000000020000000       0x28 Core/Src/Dualshock3_driver.o
                0x0000000020000000                dualshock3_Driver
 .data.SystemCoreClock
                0x0000000020000028        0x4 Core/Src/system_stm32f4xx.o
                0x0000000020000028                SystemCoreClock
 .data.HID_Class
                0x000000002000002c       0x20 Core/Src/USBH_HID_generic/usbh_hid.o
                0x000000002000002c                HID_Class
 .data.uwTickPrio
                0x000000002000004c        0x4 Drivers/STM32F4xx_HAL_Driver/Src/stm32f4xx_hal.o
                0x000000002000004c                uwTickPrio
 .data.uwTickFreq
                0x0000000020000050        0x1 Drivers/STM32F4xx_HAL_Driver/Src/stm32f4xx_hal.o
                0x0000000020000050                uwTickFreq
 *fill*         0x0000000020000051        0x3 
 .data.uxCriticalNesting
                0x0000000020000054        0x4 Middlewares/Third_Party/FreeRTOS/Source/portable/GCC/ARM_CM4F/port.o
 .data._impure_ptr
                0x0000000020000058        0x4 c:/st/stm32cubeide_1.4.0/stm32cubeide/plugins/com.st.stm32cube.ide.mcu.externaltools.gnu-tools-for-stm32.9-2020-q2-update.win32_1.5.0.202011040924/tools/bin/../lib/gcc/arm-none-eabi/9.3.1/../../../../arm-none-eabi/lib/thumb/v7e-m+fp/hard\libc_nano.a(lib_a-impure.o)
                0x0000000020000058                _impure_ptr
 .data.impure_data
                0x000000002000005c       0x60 c:/st/stm32cubeide_1.4.0/stm32cubeide/plugins/com.st.stm32cube.ide.mcu.externaltools.gnu-tools-for-stm32.9-2020-q2-update.win32_1.5.0.202011040924/tools/bin/../lib/gcc/arm-none-eabi/9.3.1/../../../../arm-none-eabi/lib/thumb/v7e-m+fp/hard\libc_nano.a(lib_a-impure.o)
 *(.RamFunc)
 *(.RamFunc*)
                0x00000000200000bc                . = ALIGN (0x4)
                0x00000000200000bc                _edata = .

.igot.plt       0x00000000200000bc        0x0 load address 0x000000000800d5a0
 .igot.plt      0x00000000200000bc        0x0 c:/st/stm32cubeide_1.4.0/stm32cubeide/plugins/com.st.stm32cube.ide.mcu.externaltools.gnu-tools-for-stm32.9-2020-q2-update.win32_1.5.0.202011040924/tools/bin/../lib/gcc/arm-none-eabi/9.3.1/thumb/v7e-m+fp/hard/crtbegin.o
                0x00000000200000bc                . = ALIGN (0x4)

.bss            0x00000000200000c0     0x5d98 load address 0x000000000800d5a0
                0x00000000200000c0                _sbss = .
                0x00000000200000c0                __bss_start__ = _sbss
 *(.bss)
 .bss           0x00000000200000c0       0x1c c:/st/stm32cubeide_1.4.0/stm32cubeide/plugins/com.st.stm32cube.ide.mcu.externaltools.gnu-tools-for-stm32.9-2020-q2-update.win32_1.5.0.202011040924/tools/bin/../lib/gcc/arm-none-eabi/9.3.1/thumb/v7e-m+fp/hard/crtbegin.o
 *(.bss*)
 .bss.__sbrk_heap_end
                0x00000000200000dc        0x4 Core/Src/sysmem.o
 .bss.class_pData
                0x00000000200000e0      0xa90 Core/Src/USBH_HID_generic/usbh_hid.o
 .bss.n_drivers
                0x0000000020000b70        0x1 Core/Src/USBH_HID_generic/usbh_hid_generic.o
                0x0000000020000b70                n_drivers
 *fill*         0x0000000020000b71        0x3 
 .bss.tmpreg.8757
                0x0000000020000b74        0x4 Drivers/STM32F4xx_HAL_Driver/Src/stm32f4xx_ll_usb.o
 .bss.KernelState
                0x0000000020000b78        0x4 Middlewares/Third_Party/FreeRTOS/Source/CMSIS_RTOS_V2/cmsis_os2.o
 .bss.Idle_TCB  0x0000000020000b7c       0x5c Middlewares/Third_Party/FreeRTOS/Source/CMSIS_RTOS_V2/cmsis_os2.o
 .bss.Idle_Stack
                0x0000000020000bd8      0x200 Middlewares/Third_Party/FreeRTOS/Source/CMSIS_RTOS_V2/cmsis_os2.o
 .bss.Timer_TCB
                0x0000000020000dd8       0x5c Middlewares/Third_Party/FreeRTOS/Source/CMSIS_RTOS_V2/cmsis_os2.o
 .bss.Timer_Stack
                0x0000000020000e34      0x400 Middlewares/Third_Party/FreeRTOS/Source/CMSIS_RTOS_V2/cmsis_os2.o
 .bss.pxCurrentTCB
                0x0000000020001234        0x4 Middlewares/Third_Party/FreeRTOS/Source/tasks.o
                0x0000000020001234                pxCurrentTCB
 .bss.pxReadyTasksLists
                0x0000000020001238      0x460 Middlewares/Third_Party/FreeRTOS/Source/tasks.o
 .bss.xDelayedTaskList1
                0x0000000020001698       0x14 Middlewares/Third_Party/FreeRTOS/Source/tasks.o
 .bss.xDelayedTaskList2
                0x00000000200016ac       0x14 Middlewares/Third_Party/FreeRTOS/Source/tasks.o
 .bss.pxDelayedTaskList
                0x00000000200016c0        0x4 Middlewares/Third_Party/FreeRTOS/Source/tasks.o
 .bss.pxOverflowDelayedTaskList
                0x00000000200016c4        0x4 Middlewares/Third_Party/FreeRTOS/Source/tasks.o
 .bss.xPendingReadyList
                0x00000000200016c8       0x14 Middlewares/Third_Party/FreeRTOS/Source/tasks.o
 .bss.xTasksWaitingTermination
                0x00000000200016dc       0x14 Middlewares/Third_Party/FreeRTOS/Source/tasks.o
 .bss.uxDeletedTasksWaitingCleanUp
                0x00000000200016f0        0x4 Middlewares/Third_Party/FreeRTOS/Source/tasks.o
 .bss.xSuspendedTaskList
                0x00000000200016f4       0x14 Middlewares/Third_Party/FreeRTOS/Source/tasks.o
 .bss.uxCurrentNumberOfTasks
                0x0000000020001708        0x4 Middlewares/Third_Party/FreeRTOS/Source/tasks.o
 .bss.xTickCount
                0x000000002000170c        0x4 Middlewares/Third_Party/FreeRTOS/Source/tasks.o
 .bss.uxTopReadyPriority
                0x0000000020001710        0x4 Middlewares/Third_Party/FreeRTOS/Source/tasks.o
 .bss.xSchedulerRunning
                0x0000000020001714        0x4 Middlewares/Third_Party/FreeRTOS/Source/tasks.o
 .bss.uxPendedTicks
                0x0000000020001718        0x4 Middlewares/Third_Party/FreeRTOS/Source/tasks.o
 .bss.xYieldPending
                0x000000002000171c        0x4 Middlewares/Third_Party/FreeRTOS/Source/tasks.o
 .bss.xNumOfOverflows
                0x0000000020001720        0x4 Middlewares/Third_Party/FreeRTOS/Source/tasks.o
 .bss.uxTaskNumber
                0x0000000020001724        0x4 Middlewares/Third_Party/FreeRTOS/Source/tasks.o
 .bss.xNextTaskUnblockTime
                0x0000000020001728        0x4 Middlewares/Third_Party/FreeRTOS/Source/tasks.o
 .bss.xIdleTaskHandle
                0x000000002000172c        0x4 Middlewares/Third_Party/FreeRTOS/Source/tasks.o
 .bss.uxSchedulerSuspended
                0x0000000020001730        0x4 Middlewares/Third_Party/FreeRTOS/Source/tasks.o
 .bss.xActiveTimerList1
                0x0000000020001734       0x14 Middlewares/Third_Party/FreeRTOS/Source/timers.o
 .bss.xActiveTimerList2
                0x0000000020001748       0x14 Middlewares/Third_Party/FreeRTOS/Source/timers.o
 .bss.pxCurrentTimerList
                0x000000002000175c        0x4 Middlewares/Third_Party/FreeRTOS/Source/timers.o
 .bss.pxOverflowTimerList
                0x0000000020001760        0x4 Middlewares/Third_Party/FreeRTOS/Source/timers.o
 .bss.xTimerQueue
                0x0000000020001764        0x4 Middlewares/Third_Party/FreeRTOS/Source/timers.o
 .bss.xTimerTaskHandle
                0x0000000020001768        0x4 Middlewares/Third_Party/FreeRTOS/Source/timers.o
 .bss.xLastTime.6901
                0x000000002000176c        0x4 Middlewares/Third_Party/FreeRTOS/Source/timers.o
 .bss.ucStaticTimerQueueStorage.6952
                0x0000000020001770       0xa0 Middlewares/Third_Party/FreeRTOS/Source/timers.o
 .bss.xStaticTimerQueue.6951
                0x0000000020001810       0x50 Middlewares/Third_Party/FreeRTOS/Source/timers.o
 .bss.ucMaxSysCallPriority
                0x0000000020001860        0x1 Middlewares/Third_Party/FreeRTOS/Source/portable/GCC/ARM_CM4F/port.o
 *fill*         0x0000000020001861        0x3 
 .bss.ulMaxPRIGROUPValue
                0x0000000020001864        0x4 Middlewares/Third_Party/FreeRTOS/Source/portable/GCC/ARM_CM4F/port.o
 .bss.ucHeap    0x0000000020001868     0x3c00 Middlewares/Third_Party/FreeRTOS/Source/portable/MemMang/heap_4.o
 .bss.xStart    0x0000000020005468        0x8 Middlewares/Third_Party/FreeRTOS/Source/portable/MemMang/heap_4.o
 .bss.pxEnd     0x0000000020005470        0x4 Middlewares/Third_Party/FreeRTOS/Source/portable/MemMang/heap_4.o
 .bss.xFreeBytesRemaining
                0x0000000020005474        0x4 Middlewares/Third_Party/FreeRTOS/Source/portable/MemMang/heap_4.o
 .bss.xMinimumEverFreeBytesRemaining
                0x0000000020005478        0x4 Middlewares/Third_Party/FreeRTOS/Source/portable/MemMang/heap_4.o
 .bss.xBlockAllocatedBit
                0x000000002000547c        0x4 Middlewares/Third_Party/FreeRTOS/Source/portable/MemMang/heap_4.o
 .bss.Appli_state
                0x0000000020005480        0x1 USB_HOST/App/usb_host.o
                0x0000000020005480                Appli_state
 *fill*         0x0000000020005481        0x3 
 .bss.__malloc_free_list