main.c:157:6:Dualshock3_newReport_CB	16	static
main.c:175:6:Dualshock3_connected_CB	8	static
main.c:189:5:main	48	static
main.c:312:6:SystemClock_Config	88	static
main.c:356:13:MX_USART2_UART_Init	8	static
main.c:390:13:MX_USART3_UART_Init	8	static
main.c:423:13:MX_GPIO_Init	40	static
main.c:463:6:StartDefaultTask	16	static
main.c:483:6:usbhTaskFunction	16	static
main.c:508:6:processReportFunction	16	static
main.c:546:6:idleThread	120	static
main.c:577:6:translatorThread	632	static
main.c:699:6:stateMachineThread	120	static
main.c:749:6:HAL_TIM_PeriodElapsedCallback	16	static
main.c:766:6:Error_Handler	4	static
